This is pdfTeX, Version 3.141592653-2.6-1.40.28 (MiKTeX 25.12) (preloaded format=pdflatex 2026.5.12)  4 JUL 2026 21:34
entering extended mode
 restricted \write18 enabled.
 %&-line parsing enabled.
**./test.tex
(test.tex
LaTeX2e <2025-11-01>
L3 programming layer <2025-12-24>

(C:\Users\LandryNDZESSA\AppData\Local\Programs\MiKTeX\tex/latex/base\report.cls
Document Class: report 2025/01/22 v1.4n Standard LaTeX document class

(C:\Users\LandryNDZESSA\AppData\Local\Programs\MiKTeX\tex/latex/base\size12.clo
File: size12.clo 2025/01/22 v1.4n Standard LaTeX file (size option)
)
\c@part=\count275
\c@chapter=\count276
\c@section=\count277
\c@subsection=\count278
\c@subsubsection=\count279
\c@paragraph=\count280
\c@subparagraph=\count281
\c@figure=\count282
\c@table=\count283
\abovecaptionskip=\skip49
\belowcaptionskip=\skip50
\bibindent=\dimen148
)
(C:\Users\LandryNDZESSA\AppData\Local\Programs\MiKTeX\tex/latex/base\inputenc.s
ty
Package: inputenc 2024/02/08 v1.3d Input encoding file
\inpenc@prehook=\toks17
\inpenc@posthook=\toks18
)
(C:\Users\LandryNDZESSA\AppData\Local\Programs\MiKTeX\tex/latex/base\fontenc.st
y
Package: fontenc 2025/07/18 v2.1d Standard LaTeX package
)
(C:\Users\LandryNDZESSA\AppData\Local\Programs\MiKTeX\tex/generic/babel\babel.s
ty
Package: babel 2025/12/11 v25.17 The multilingual framework for LuaLaTeX, pdfLa
TeX and XeLaTeX
\babel@savecnt=\count284
LaTeX Encoding Info:    Redeclaring text command \ij (encoding OT1) on input li
ne 2068.
LaTeX Encoding Info:    Redeclaring text command \IJ (encoding OT1) on input li
ne 2070.
LaTeX Encoding Info:    Redeclaring text command \ij (encoding T1) on input lin
e 2072.
LaTeX Encoding Info:    Redeclaring text command \IJ (encoding T1) on input lin
e 2073.
LaTeX Encoding Info:    Ignoring declaration for text command \ij (encoding ?) 
on input line 2074.
LaTeX Encoding Info:    Ignoring declaration for text command \IJ (encoding ?) 
on input line 2076.
LaTeX Encoding Info:    Ignoring declaration for text command \SS (encoding ?) 
on input line 2101.
\U@D=\dimen149
\l@unhyphenated=\language79

(C:\Users\LandryNDZESSA\AppData\Local\Programs\MiKTeX\tex/generic/babel\txtbabe
l.def)
\bbl@readstream=\read2
\bbl@dirlevel=\count285
Package babel Info: Configuration files are deprecated, as
(babel)             they can break document portability.
(babel)             Reported on input line 4196.

*************************************
* Local config file bblopts.cfg used
*

(C:\Users\LandryNDZESSA\AppData\Local\Programs\MiKTeX\tex/latex/arabi\bblopts.c
fg
File: bblopts.cfg 2005/09/08 v0.1 add Arabic and Farsi to "declared" options of
 babel
)
(C:\Users\LandryNDZESSA\AppData\Local\Programs\MiKTeX\tex/generic/babel/locale/
fr\babel-french.tex)
Package babel Info: Importing font and identification data for french
(babel)             from babel-fr.ini. Reported on input line 4320.

(C:\Users\LandryNDZESSA\AppData\Local\Programs\MiKTeX\tex/generic/babel-french\
french.ldf
Language: french 2025-08-15 v4.0e French support from the babel system

(C:\Users\LandryNDZESSA\AppData\Local\Programs\MiKTeX\tex/generic/babel-french\
french3.ldf
Language: french 2025-08-15 v3.7e French support from the babel system
\FB@stdchar=\count286
Package babel Info: Making : an active character on input line 273.
Package babel Info: Making ; an active character on input line 274.
Package babel Info: Making ! an active character on input line 275.
Package babel Info: Making ? an active character on input line 276.
\FBguill@level=\count287
\FBold@everypar=\toks19
\FB@Mht=\dimen150
\mc@charclass=\count288
\mc@charfam=\count289
\mc@charslot=\count290
\std@mcc=\count291
\dec@mcc=\count292
\FB@pardim=\dimen151
\listindentFB=\dimen152
\descindentFB=\dimen153
\labelindentFB=\dimen154
\labelwidthFB=\dimen155
\leftmarginFB=\dimen156
\parindentFFN=\dimen157
\FBfnindent=\dimen158
)))
(C:\Users\LandryNDZESSA\AppData\Local\Programs\MiKTeX\tex/latex/carlisle\scalef
nt.sty)
(C:\Users\LandryNDZESSA\AppData\Local\Programs\MiKTeX\tex/latex/csquotes\csquot
es.sty
Package: csquotes 2024-04-04 v5.2o context-sensitive quotations (JAW)

(C:\Users\LandryNDZESSA\AppData\Local\Programs\MiKTeX\tex/latex/etoolbox\etoolb
ox.sty
Package: etoolbox 2025/10/02 v2.5m e-TeX tools for LaTeX (JAW)
\etb@tempcnta=\count293
)
(C:\Users\LandryNDZESSA\AppData\Local\Programs\MiKTeX\tex/latex/graphics\keyval
.sty
Package: keyval 2022/05/29 v1.15 key=value parser (DPC)
\KV@toks@=\toks20
)
\csq@reset=\count294
\csq@gtype=\count295
\csq@glevel=\count296
\csq@qlevel=\count297
\csq@maxlvl=\count298
\csq@tshold=\count299
\csq@ltx@everypar=\toks21

(C:\Users\LandryNDZESSA\AppData\Local\Programs\MiKTeX\tex/latex/csquotes\csquot
es.def
File: csquotes.def 2024-04-04 v5.2o csquotes generic definitions (JAW)
)
Package csquotes Info: Trying to load configuration file 'csquotes.cfg'...
Package csquotes Info: ... configuration file loaded successfully.

(C:\Users\LandryNDZESSA\AppData\Local\Programs\MiKTeX\tex/latex/csquotes\csquot
es.cfg
File: csquotes.cfg 
))
(C:\Users\LandryNDZESSA\AppData\Local\Programs\MiKTeX\tex/latex/booktabs\bookta
bs.sty
Package: booktabs 2020/01/12 v1.61803398 Publication quality tables
\heavyrulewidth=\dimen159
\lightrulewidth=\dimen160
\cmidrulewidth=\dimen161
\belowrulesep=\dimen162
\belowbottomsep=\dimen163
\aboverulesep=\dimen164
\abovetopsep=\dimen165
\cmidrulesep=\dimen166
\cmidrulekern=\dimen167
\defaultaddspace=\dimen168
\@cmidla=\count300
\@cmidlb=\count301
\@aboverulesep=\dimen169
\@belowrulesep=\dimen170
\@thisruleclass=\count302
\@lastruleclass=\count303
\@thisrulewidth=\dimen171
)
(C:\Users\LandryNDZESSA\AppData\Local\Programs\MiKTeX\tex/latex/siunitx\siunitx
.sty
Package: siunitx 2026-05-15 v3.5.5 A comprehensive (SI) units package
\l__siunitx_number_uncert_offset_int=\count304
\l__siunitx_number_exponent_fixed_int=\count305
\l__siunitx_number_min_decimal_int=\count306
\l__siunitx_number_min_integer_int=\count307
\l__siunitx_number_round_precision_int=\count308
\l__siunitx_number_lower_threshold_int=\count309
\l__siunitx_number_upper_threshold_int=\count310
\l__siunitx_number_group_first_int=\count311
\l__siunitx_number_group_size_int=\count312
\l__siunitx_number_group_min_int=\count313
\l__siunitx_number_group_minimum_int=\count314
\l__siunitx_compound_count_int=\count315

(C:\Users\LandryNDZESSA\AppData\Local\Programs\MiKTeX\tex/latex/translations\tr
anslations.sty
Package: translations 2022/02/05 v1.12 internationalization of LaTeX2e packages
 (CN)

(C:\Users\LandryNDZESSA\AppData\Local\Programs\MiKTeX\tex/generic/pdftexcmds\pd
ftexcmds.sty
Package: pdftexcmds 2020-06-27 v0.33 Utility functions of pdfTeX for LuaTeX (HO
)

(C:\Users\LandryNDZESSA\AppData\Local\Programs\MiKTeX\tex/generic/infwarerr\inf
warerr.sty
Package: infwarerr 2019/12/03 v1.5 Providing info/warning/error messages (HO)
)
(C:\Users\LandryNDZESSA\AppData\Local\Programs\MiKTeX\tex/generic/iftex\iftex.s
ty
Package: iftex 2024/12/12 v1.0g TeX engine tests
)
(C:\Users\LandryNDZESSA\AppData\Local\Programs\MiKTeX\tex/generic/ltxcmds\ltxcm
ds.sty
Package: ltxcmds 2023-12-04 v1.26 LaTeX kernel commands for general use (HO)
)
Package pdftexcmds Info: \pdf@primitive is available.
Package pdftexcmds Info: \pdf@ifprimitive is available.
Package pdftexcmds Info: \pdfdraftmode found.
))
(C:\Users\LandryNDZESSA\AppData\Local\Programs\MiKTeX\tex/latex/amsmath\amstext
.sty
Package: amstext 2024/11/17 v2.01 AMS text

(C:\Users\LandryNDZESSA\AppData\Local\Programs\MiKTeX\tex/latex/amsmath\amsgen.
sty
File: amsgen.sty 1999/11/30 v2.0 generic functions
\@emptytoks=\toks22
\ex@=\dimen172
))
\l__siunitx_table_tmp_box=\box53
\l__siunitx_table_tmp_dim=\dimen173
\l__siunitx_table_column_width_dim=\dimen174
\l__siunitx_table_integer_box=\box54
\l__siunitx_table_decimal_box=\box55
\l__siunitx_table_uncert_box=\box56
\l__siunitx_table_before_box=\box57
\l__siunitx_table_after_box=\box58
\l__siunitx_table_before_dim=\dimen175
\l__siunitx_table_carry_dim=\dimen176
\l__siunitx_unit_tmp_int=\count316
\l__siunitx_unit_position_int=\count317
\l__siunitx_unit_total_int=\count318
\l__siunitx_sexagesimal_tmp_dim=\dimen177
\l__siunitx_sexagesimal_marker_box=\box59
\l__siunitx_sexagesimal_unit_box=\box60

(C:\Users\LandryNDZESSA\AppData\Local\Programs\MiKTeX\tex/latex/tools\array.sty
Package: array 2025/09/25 v2.6n Tabular extension package (FMi)
\col@sep=\dimen178
\ar@mcellbox=\box61
\extrarowheight=\dimen179
\NC@list=\toks23
\extratabsurround=\skip51
\backup@length=\skip52
\ar@cellbox=\box62
))
(C:\Users\LandryNDZESSA\AppData\Local\Programs\MiKTeX\tex/latex/float\float.sty
Package: float 2001/11/08 v1.3d Float enhancements (AL)
\c@float@type=\count319
\float@exts=\toks24
\float@box=\box63
\@float@everytoks=\toks25
\@floatcapt=\box64
)
(C:\Users\LandryNDZESSA\AppData\Local\Programs\MiKTeX\tex/latex/caption\caption
.sty
Package: caption 2023/08/05 v3.6o Customizing captions (AR)

(C:\Users\LandryNDZESSA\AppData\Local\Programs\MiKTeX\tex/latex/caption\caption
3.sty
Package: caption3 2023/07/31 v2.4d caption3 kernel (AR)
\caption@tempdima=\dimen180
\captionmargin=\dimen181
\caption@leftmargin=\dimen182
\caption@rightmargin=\dimen183
\caption@width=\dimen184
\caption@indent=\dimen185
\caption@parindent=\dimen186
\caption@hangindent=\dimen187
Package caption Info: Standard document class detected.
Package caption Info: french babel package is loaded.
)
\c@caption@flags=\count320
\c@continuedfloat=\count321
Package caption Info: float package is loaded.
)
(C:\Users\LandryNDZESSA\AppData\Local\Programs\MiKTeX\tex/latex/xcolor\xcolor.s
ty
Package: xcolor 2024/09/29 v3.02 LaTeX color extensions (UK)

(C:\Users\LandryNDZESSA\AppData\Local\Programs\MiKTeX\tex/latex/graphics-cfg\co
lor.cfg
File: color.cfg 2016/01/02 v1.6 sample color configuration
)
Package xcolor Info: Driver file: pdftex.def on input line 274.

(C:\Users\LandryNDZESSA\AppData\Local\Programs\MiKTeX\tex/latex/graphics-def\pd
ftex.def
File: pdftex.def 2025/09/29 v1.2d Graphics/color driver for pdftex
)
(C:\Users\LandryNDZESSA\AppData\Local\Programs\MiKTeX\tex/latex/graphics\mathco
lor.ltx)
Package xcolor Info: Model `cmy' substituted by `cmy0' on input line 1349.
Package xcolor Info: Model `hsb' substituted by `rgb' on input line 1353.
Package xcolor Info: Model `RGB' extended on input line 1365.
Package xcolor Info: Model `HTML' substituted by `rgb' on input line 1367.
Package xcolor Info: Model `Hsb' substituted by `hsb' on input line 1368.
Package xcolor Info: Model `tHsb' substituted by `hsb' on input line 1369.
Package xcolor Info: Model `HSB' substituted by `hsb' on input line 1370.
Package xcolor Info: Model `Gray' substituted by `gray' on input line 1371.
Package xcolor Info: Model `wave' substituted by `hsb' on input line 1372.
)
(C:\Users\LandryNDZESSA\AppData\Local\Programs\MiKTeX\tex/latex/colortbl\colort
bl.sty
Package: colortbl 2024/10/29 v1.0k Color table columns (DPC)
\everycr=\toks26
\minrowclearance=\skip53
\rownum=\count322
)
(C:\Users\LandryNDZESSA\AppData\Local\Programs\MiKTeX\tex/latex/lm\lmodern.sty
Package: lmodern 2015/05/01 v1.6.1 Latin Modern Fonts
LaTeX Font Info:    Overwriting symbol font `operators' in version `normal'
(Font)                  OT1/cmr/m/n --> OT1/lmr/m/n on input line 22.
LaTeX Font Info:    Overwriting symbol font `letters' in version `normal'
(Font)                  OML/cmm/m/it --> OML/lmm/m/it on input line 23.
LaTeX Font Info:    Overwriting symbol font `symbols' in version `normal'
(Font)                  OMS/cmsy/m/n --> OMS/lmsy/m/n on input line 24.
LaTeX Font Info:    Overwriting symbol font `largesymbols' in version `normal'
(Font)                  OMX/cmex/m/n --> OMX/lmex/m/n on input line 25.
LaTeX Font Info:    Overwriting symbol font `operators' in version `bold'
(Font)                  OT1/cmr/bx/n --> OT1/lmr/bx/n on input line 26.
LaTeX Font Info:    Overwriting symbol font `letters' in version `bold'
(Font)                  OML/cmm/b/it --> OML/lmm/b/it on input line 27.
LaTeX Font Info:    Overwriting symbol font `symbols' in version `bold'
(Font)                  OMS/cmsy/b/n --> OMS/lmsy/b/n on input line 28.
LaTeX Font Info:    Overwriting symbol font `largesymbols' in version `bold'
(Font)                  OMX/cmex/m/n --> OMX/lmex/m/n on input line 29.
LaTeX Font Info:    Overwriting math alphabet `\mathbf' in version `normal'
(Font)                  OT1/cmr/bx/n --> OT1/lmr/bx/n on input line 31.
LaTeX Font Info:    Overwriting math alphabet `\mathsf' in version `normal'
(Font)                  OT1/cmss/m/n --> OT1/lmss/m/n on input line 32.
LaTeX Font Info:    Overwriting math alphabet `\mathit' in version `normal'
(Font)                  OT1/cmr/m/it --> OT1/lmr/m/it on input line 33.
LaTeX Font Info:    Overwriting math alphabet `\mathtt' in version `normal'
(Font)                  OT1/cmtt/m/n --> OT1/lmtt/m/n on input line 34.
LaTeX Font Info:    Overwriting math alphabet `\mathbf' in version `bold'
(Font)                  OT1/cmr/bx/n --> OT1/lmr/bx/n on input line 35.
LaTeX Font Info:    Overwriting math alphabet `\mathsf' in version `bold'
(Font)                  OT1/cmss/bx/n --> OT1/lmss/bx/n on input line 36.
LaTeX Font Info:    Overwriting math alphabet `\mathit' in version `bold'
(Font)                  OT1/cmr/bx/it --> OT1/lmr/bx/it on input line 37.
LaTeX Font Info:    Overwriting math alphabet `\mathtt' in version `bold'
(Font)                  OT1/cmtt/m/n --> OT1/lmtt/m/n on input line 38.
)
(C:\Users\LandryNDZESSA\AppData\Local\Programs\MiKTeX\tex/latex/microtype\micro
type.sty
Package: microtype 2026/03/01 v3.2d Micro-typographical refinements (RS)
\MT@toks=\toks27
\MT@tempbox=\box65
\MT@count=\count323
LaTeX Info: Redefining \noprotrusionifhmode on input line 1084.
LaTeX Info: Redefining \leftprotrusion on input line 1085.
\MT@prot@toks=\toks28
LaTeX Info: Redefining \rightprotrusion on input line 1104.
LaTeX Info: Redefining \textls on input line 1449.
\MT@outer@kern=\dimen188
LaTeX Info: Redefining \microtypecontext on input line 2053.
LaTeX Info: Redefining \textmicrotypecontext on input line 2070.
\MT@listname@count=\count324

(C:\Users\LandryNDZESSA\AppData\Local\Programs\MiKTeX\tex/latex/microtype\micro
type-pdftex.def
File: microtype-pdftex.def 2026/03/01 v3.2d Definitions specific to pdftex (RS)

LaTeX Info: Redefining \lsstyle on input line 944.
LaTeX Info: Redefining \lslig on input line 944.
\MT@outer@space=\skip54
)
Package microtype Info: Loading configuration file microtype.cfg.

(C:\Users\LandryNDZESSA\AppData\Local\Programs\MiKTeX\tex/latex/microtype\micro
type.cfg
File: microtype.cfg 2026/03/01 v3.2d microtype main configuration file (RS)
)
LaTeX Info: Redefining \microtypesetup on input line 3065.
)
(C:\Users\LandryNDZESSA\AppData\Local\Programs\MiKTeX\tex/latex/setspace\setspa
ce.sty
Package: setspace 2022/12/04 v6.7b set line spacing
)
(C:\Users\LandryNDZESSA\AppData\Local\Programs\MiKTeX\tex/latex/geometry\geomet
ry.sty
Package: geometry 2026/03/07 v6.0 Page Geometry

(C:\Users\LandryNDZESSA\AppData\Local\Programs\MiKTeX\tex/generic/iftex\ifvtex.
sty
Package: ifvtex 2019/10/25 v1.7 ifvtex legacy package. Use iftex instead.
)
\Gm@cnth=\count325
\Gm@cntv=\count326
\c@Gm@tempcnt=\count327
\Gm@bindingoffset=\dimen189
\Gm@wd@mp=\dimen190
\Gm@odd@mp=\dimen191
\Gm@even@mp=\dimen192
\Gm@layoutwidth=\dimen193
\Gm@layoutheight=\dimen194
\Gm@layouthoffset=\dimen195
\Gm@layoutvoffset=\dimen196
\Gm@dimlist=\toks29

(C:\Users\LandryNDZESSA\AppData\Local\Programs\MiKTeX\tex/latex/geometry\geomet
ry.cfg))
(C:\Users\LandryNDZESSA\AppData\Local\Programs\MiKTeX\tex/latex/fancyhdr\fancyh
dr.sty
Package: fancyhdr 2025/02/07 v5.2 Extensive control of page headers and footers

\f@nch@headwidth=\skip55
\f@nch@offset@elh=\skip56
\f@nch@offset@erh=\skip57
\f@nch@offset@olh=\skip58
\f@nch@offset@orh=\skip59
\f@nch@offset@elf=\skip60
\f@nch@offset@erf=\skip61
\f@nch@offset@olf=\skip62
\f@nch@offset@orf=\skip63
\f@nch@height=\skip64
\f@nch@footalignment=\skip65
\f@nch@widthL=\skip66
\f@nch@widthC=\skip67
\f@nch@widthR=\skip68
\@temptokenb=\toks30
)
(C:\Users\LandryNDZESSA\AppData\Local\Programs\MiKTeX\tex/latex/graphics\dvipsn
am.def
File: dvipsnam.def 2016/06/17 v3.0m Driver-dependent file (DPC,SPQR)
)
(C:\Users\LandryNDZESSA\AppData\Local\Programs\MiKTeX\tex/latex/graphics\graphi
cx.sty
Package: graphicx 2024/12/31 v1.2e Enhanced LaTeX Graphics (DPC,SPQR)

(C:\Users\LandryNDZESSA\AppData\Local\Programs\MiKTeX\tex/latex/graphics\graphi
cs.sty
Package: graphics 2024/08/06 v1.4g Standard LaTeX Graphics (DPC,SPQR)

(C:\Users\LandryNDZESSA\AppData\Local\Programs\MiKTeX\tex/latex/graphics\trig.s
ty
Package: trig 2023/12/02 v1.11 sin cos tan (DPC)
)
(C:\Users\LandryNDZESSA\AppData\Local\Programs\MiKTeX\tex/latex/graphics-cfg\gr
aphics.cfg
File: graphics.cfg 2016/06/04 v1.11 sample graphics configuration
)
Package graphics Info: Driver file: pdftex.def on input line 106.
)
\Gin@req@height=\dimen197
\Gin@req@width=\dimen198
)
(C:\Users\LandryNDZESSA\AppData\Local\Programs\MiKTeX\tex/latex/caption\subcapt
ion.sty
Package: subcaption 2023/07/28 v1.6b Sub-captions (AR)
Package caption Info: New subtype `subfigure' on input line 238.
\c@subfigure=\count328
Package caption Info: New subtype `subtable' on input line 238.
\c@subtable=\count329
)
(C:\Users\LandryNDZESSA\AppData\Local\Programs\MiKTeX\tex/latex/wrapfig\wrapfig
.sty
\wrapoverhang=\dimen199
\WF@size=\dimen256
\c@WF@wrappedlines=\count330
\WF@box=\box66
\WF@everypar=\toks31
Package: wrapfig 2003/01/31  v 3.6
)
(C:\Users\LandryNDZESSA\AppData\Local\Programs\MiKTeX\tex/latex/pgf/frontendlay
er\tikz.sty
(C:\Users\LandryNDZESSA\AppData\Local\Programs\MiKTeX\tex/latex/pgf/basiclayer\
pgf.sty
(C:\Users\LandryNDZESSA\AppData\Local\Programs\MiKTeX\tex/latex/pgf/utilities\p
gfrcs.sty
(C:\Users\LandryNDZESSA\AppData\Local\Programs\MiKTeX\tex/generic/pgf/utilities
\pgfutil-common.tex
\pgfutil@everybye=\toks32
\pgfutil@tempdima=\dimen257
\pgfutil@tempdimb=\dimen258
)
(C:\Users\LandryNDZESSA\AppData\Local\Programs\MiKTeX\tex/generic/pgf/utilities
\pgfutil-latex.def
\pgfutil@abb=\box67
)
(C:\Users\LandryNDZESSA\AppData\Local\Programs\MiKTeX\tex/generic/pgf/utilities
\pgfrcs.code.tex
(C:\Users\LandryNDZESSA\AppData\Local\Programs\MiKTeX\tex/generic/pgf\pgf.revis
ion.tex)
Package: pgfrcs 2025-08-29 v3.1.11a (3.1.11a)
))
Package: pgf 2025-08-29 v3.1.11a (3.1.11a)

(C:\Users\LandryNDZESSA\AppData\Local\Programs\MiKTeX\tex/latex/pgf/basiclayer\
pgfcore.sty
(C:\Users\LandryNDZESSA\AppData\Local\Programs\MiKTeX\tex/latex/pgf/systemlayer
\pgfsys.sty
(C:\Users\LandryNDZESSA\AppData\Local\Programs\MiKTeX\tex/generic/pgf/systemlay
er\pgfsys.code.tex
Package: pgfsys 2025-08-29 v3.1.11a (3.1.11a)

(C:\Users\LandryNDZESSA\AppData\Local\Programs\MiKTeX\tex/generic/pgf/utilities
\pgfkeys.code.tex
\pgfkeys@pathtoks=\toks33
\pgfkeys@temptoks=\toks34

(C:\Users\LandryNDZESSA\AppData\Local\Programs\MiKTeX\tex/generic/pgf/utilities
\pgfkeyslibraryfiltered.code.tex
\pgfkeys@tmptoks=\toks35
))
\pgf@x=\dimen259
\pgf@y=\dimen260
\pgf@xa=\dimen261
\pgf@ya=\dimen262
\pgf@xb=\dimen263
\pgf@yb=\dimen264
\pgf@xc=\dimen265
\pgf@yc=\dimen266
\pgf@xd=\dimen267
\pgf@yd=\dimen268
\w@pgf@writea=\write3
\r@pgf@reada=\read3
\c@pgf@counta=\count331
\c@pgf@countb=\count332
\c@pgf@countc=\count333
\c@pgf@countd=\count334
\t@pgf@toka=\toks36
\t@pgf@tokb=\toks37
\t@pgf@tokc=\toks38
\pgf@sys@id@count=\count335

(C:\Users\LandryNDZESSA\AppData\Local\Programs\MiKTeX\tex/generic/pgf/systemlay
er\pgf.cfg
File: pgf.cfg 2025-08-29 v3.1.11a (3.1.11a)
)
Driver file for pgf: pgfsys-pdftex.def

(C:\Users\LandryNDZESSA\AppData\Local\Programs\MiKTeX\tex/generic/pgf/systemlay
er\pgfsys-pdftex.def
File: pgfsys-pdftex.def 2025-08-29 v3.1.11a (3.1.11a)

(C:\Users\LandryNDZESSA\AppData\Local\Programs\MiKTeX\tex/generic/pgf/systemlay
er\pgfsys-common-pdf.def
File: pgfsys-common-pdf.def 2025-08-29 v3.1.11a (3.1.11a)
)))
(C:\Users\LandryNDZESSA\AppData\Local\Programs\MiKTeX\tex/generic/pgf/systemlay
er\pgfsyssoftpath.code.tex
File: pgfsyssoftpath.code.tex 2025-08-29 v3.1.11a (3.1.11a)
\pgfsyssoftpath@smallbuffer@items=\count336
\pgfsyssoftpath@bigbuffer@items=\count337
)
(C:\Users\LandryNDZESSA\AppData\Local\Programs\MiKTeX\tex/generic/pgf/systemlay
er\pgfsysprotocol.code.tex
File: pgfsysprotocol.code.tex 2025-08-29 v3.1.11a (3.1.11a)
))
(C:\Users\LandryNDZESSA\AppData\Local\Programs\MiKTeX\tex/generic/pgf/basiclaye
r\pgfcore.code.tex
Package: pgfcore 2025-08-29 v3.1.11a (3.1.11a)

(C:\Users\LandryNDZESSA\AppData\Local\Programs\MiKTeX\tex/generic/pgf/math\pgfm
ath.code.tex
(C:\Users\LandryNDZESSA\AppData\Local\Programs\MiKTeX\tex/generic/pgf/math\pgfm
athutil.code.tex)
(C:\Users\LandryNDZESSA\AppData\Local\Programs\MiKTeX\tex/generic/pgf/math\pgfm
athparser.code.tex
\pgfmath@dimen=\dimen269
\pgfmath@count=\count338
\pgfmath@box=\box68
\pgfmath@toks=\toks39
\pgfmath@stack@operand=\toks40
\pgfmath@stack@operation=\toks41
)
(C:\Users\LandryNDZESSA\AppData\Local\Programs\MiKTeX\tex/generic/pgf/math\pgfm
athfunctions.code.tex)
(C:\Users\LandryNDZESSA\AppData\Local\Programs\MiKTeX\tex/generic/pgf/math\pgfm
athfunctions.basic.code.tex)
(C:\Users\LandryNDZESSA\AppData\Local\Programs\MiKTeX\tex/generic/pgf/math\pgfm
athfunctions.trigonometric.code.tex)
(C:\Users\LandryNDZESSA\AppData\Local\Programs\MiKTeX\tex/generic/pgf/math\pgfm
athfunctions.random.code.tex)
(C:\Users\LandryNDZESSA\AppData\Local\Programs\MiKTeX\tex/generic/pgf/math\pgfm
athfunctions.comparison.code.tex)
(C:\Users\LandryNDZESSA\AppData\Local\Programs\MiKTeX\tex/generic/pgf/math\pgfm
athfunctions.base.code.tex)
(C:\Users\LandryNDZESSA\AppData\Local\Programs\MiKTeX\tex/generic/pgf/math\pgfm
athfunctions.round.code.tex)
(C:\Users\LandryNDZESSA\AppData\Local\Programs\MiKTeX\tex/generic/pgf/math\pgfm
athfunctions.misc.code.tex)
(C:\Users\LandryNDZESSA\AppData\Local\Programs\MiKTeX\tex/generic/pgf/math\pgfm
athfunctions.integerarithmetics.code.tex)
(C:\Users\LandryNDZESSA\AppData\Local\Programs\MiKTeX\tex/generic/pgf/math\pgfm
athcalc.code.tex)
(C:\Users\LandryNDZESSA\AppData\Local\Programs\MiKTeX\tex/generic/pgf/math\pgfm
athfloat.code.tex
\c@pgfmathroundto@lastzeros=\count339
))
(C:\Users\LandryNDZESSA\AppData\Local\Programs\MiKTeX\tex/generic/pgf/math\pgfi
nt.code.tex)
(C:\Users\LandryNDZESSA\AppData\Local\Programs\MiKTeX\tex/generic/pgf/basiclaye
r\pgfcorepoints.code.tex
File: pgfcorepoints.code.tex 2025-08-29 v3.1.11a (3.1.11a)
\pgf@picminx=\dimen270
\pgf@picmaxx=\dimen271
\pgf@picminy=\dimen272
\pgf@picmaxy=\dimen273
\pgf@pathminx=\dimen274
\pgf@pathmaxx=\dimen275
\pgf@pathminy=\dimen276
\pgf@pathmaxy=\dimen277
\pgf@xx=\dimen278
\pgf@xy=\dimen279
\pgf@yx=\dimen280
\pgf@yy=\dimen281
\pgf@zx=\dimen282
\pgf@zy=\dimen283
)
(C:\Users\LandryNDZESSA\AppData\Local\Programs\MiKTeX\tex/generic/pgf/basiclaye
r\pgfcorepathconstruct.code.tex
File: pgfcorepathconstruct.code.tex 2025-08-29 v3.1.11a (3.1.11a)
\pgf@path@lastx=\dimen284
\pgf@path@lasty=\dimen285
)
(C:\Users\LandryNDZESSA\AppData\Local\Programs\MiKTeX\tex/generic/pgf/basiclaye
r\pgfcorepathusage.code.tex
File: pgfcorepathusage.code.tex 2025-08-29 v3.1.11a (3.1.11a)
\pgf@shorten@end@additional=\dimen286
\pgf@shorten@start@additional=\dimen287
)
(C:\Users\LandryNDZESSA\AppData\Local\Programs\MiKTeX\tex/generic/pgf/basiclaye
r\pgfcorescopes.code.tex
File: pgfcorescopes.code.tex 2025-08-29 v3.1.11a (3.1.11a)
\pgfpic=\box69
\pgf@hbox=\box70
\pgf@layerbox@main=\box71
\pgf@picture@serial@count=\count340
)
(C:\Users\LandryNDZESSA\AppData\Local\Programs\MiKTeX\tex/generic/pgf/basiclaye
r\pgfcoregraphicstate.code.tex
File: pgfcoregraphicstate.code.tex 2025-08-29 v3.1.11a (3.1.11a)
\pgflinewidth=\dimen288
)
(C:\Users\LandryNDZESSA\AppData\Local\Programs\MiKTeX\tex/generic/pgf/basiclaye
r\pgfcoretransformations.code.tex
File: pgfcoretransformations.code.tex 2025-08-29 v3.1.11a (3.1.11a)
\pgf@pt@x=\dimen289
\pgf@pt@y=\dimen290
\pgf@pt@temp=\dimen291
)
(C:\Users\LandryNDZESSA\AppData\Local\Programs\MiKTeX\tex/generic/pgf/basiclaye
r\pgfcorequick.code.tex
File: pgfcorequick.code.tex 2025-08-29 v3.1.11a (3.1.11a)
)
(C:\Users\LandryNDZESSA\AppData\Local\Programs\MiKTeX\tex/generic/pgf/basiclaye
r\pgfcoreobjects.code.tex
File: pgfcoreobjects.code.tex 2025-08-29 v3.1.11a (3.1.11a)
)
(C:\Users\LandryNDZESSA\AppData\Local\Programs\MiKTeX\tex/generic/pgf/basiclaye
r\pgfcorepathprocessing.code.tex
File: pgfcorepathprocessing.code.tex 2025-08-29 v3.1.11a (3.1.11a)
)
(C:\Users\LandryNDZESSA\AppData\Local\Programs\MiKTeX\tex/generic/pgf/basiclaye
r\pgfcorearrows.code.tex
File: pgfcorearrows.code.tex 2025-08-29 v3.1.11a (3.1.11a)
\pgfarrowsep=\dimen292
)
(C:\Users\LandryNDZESSA\AppData\Local\Programs\MiKTeX\tex/generic/pgf/basiclaye
r\pgfcoreshade.code.tex
File: pgfcoreshade.code.tex 2025-08-29 v3.1.11a (3.1.11a)
\pgf@max=\dimen293
\pgf@sys@shading@range@num=\count341
\pgf@shadingcount=\count342
)
(C:\Users\LandryNDZESSA\AppData\Local\Programs\MiKTeX\tex/generic/pgf/basiclaye
r\pgfcoreimage.code.tex
File: pgfcoreimage.code.tex 2025-08-29 v3.1.11a (3.1.11a)
)
(C:\Users\LandryNDZESSA\AppData\Local\Programs\MiKTeX\tex/generic/pgf/basiclaye
r\pgfcoreexternal.code.tex
File: pgfcoreexternal.code.tex 2025-08-29 v3.1.11a (3.1.11a)
\pgfexternal@startupbox=\box72
)
(C:\Users\LandryNDZESSA\AppData\Local\Programs\MiKTeX\tex/generic/pgf/basiclaye
r\pgfcorelayers.code.tex
File: pgfcorelayers.code.tex 2025-08-29 v3.1.11a (3.1.11a)
)
(C:\Users\LandryNDZESSA\AppData\Local\Programs\MiKTeX\tex/generic/pgf/basiclaye
r\pgfcoretransparency.code.tex
File: pgfcoretransparency.code.tex 2025-08-29 v3.1.11a (3.1.11a)
)
(C:\Users\LandryNDZESSA\AppData\Local\Programs\MiKTeX\tex/generic/pgf/basiclaye
r\pgfcorepatterns.code.tex
File: pgfcorepatterns.code.tex 2025-08-29 v3.1.11a (3.1.11a)
)
(C:\Users\LandryNDZESSA\AppData\Local\Programs\MiKTeX\tex/generic/pgf/basiclaye
r\pgfcorerdf.code.tex
File: pgfcorerdf.code.tex 2025-08-29 v3.1.11a (3.1.11a)
)))
(C:\Users\LandryNDZESSA\AppData\Local\Programs\MiKTeX\tex/generic/pgf/modules\p
gfmoduleshapes.code.tex
File: pgfmoduleshapes.code.tex 2025-08-29 v3.1.11a (3.1.11a)
\pgfnodeparttextbox=\box73
)
(C:\Users\LandryNDZESSA\AppData\Local\Programs\MiKTeX\tex/generic/pgf/modules\p
gfmoduleplot.code.tex
File: pgfmoduleplot.code.tex 2025-08-29 v3.1.11a (3.1.11a)
)
(C:\Users\LandryNDZESSA\AppData\Local\Programs\MiKTeX\tex/latex/pgf/compatibili
ty\pgfcomp-version-0-65.sty
Package: pgfcomp-version-0-65 2025-08-29 v3.1.11a (3.1.11a)
\pgf@nodesepstart=\dimen294
\pgf@nodesepend=\dimen295
)
(C:\Users\LandryNDZESSA\AppData\Local\Programs\MiKTeX\tex/latex/pgf/compatibili
ty\pgfcomp-version-1-18.sty
Package: pgfcomp-version-1-18 2025-08-29 v3.1.11a (3.1.11a)
))
(C:\Users\LandryNDZESSA\AppData\Local\Programs\MiKTeX\tex/latex/pgf/utilities\p
gffor.sty
(C:\Users\LandryNDZESSA\AppData\Local\Programs\MiKTeX\tex/latex/pgf/utilities\p
gfkeys.sty
(C:\Users\LandryNDZESSA\AppData\Local\Programs\MiKTeX\tex/generic/pgf/utilities
\pgfkeys.code.tex))
(C:\Users\LandryNDZESSA\AppData\Local\Programs\MiKTeX\tex/latex/pgf/math\pgfmat
h.sty
(C:\Users\LandryNDZESSA\AppData\Local\Programs\MiKTeX\tex/generic/pgf/math\pgfm
ath.code.tex))
(C:\Users\LandryNDZESSA\AppData\Local\Programs\MiKTeX\tex/generic/pgf/utilities
\pgffor.code.tex
Package: pgffor 2025-08-29 v3.1.11a (3.1.11a)
\pgffor@iter=\dimen296
\pgffor@skip=\dimen297
\pgffor@stack=\toks42
\pgffor@toks=\toks43
))
(C:\Users\LandryNDZESSA\AppData\Local\Programs\MiKTeX\tex/generic/pgf/frontendl
ayer/tikz\tikz.code.tex
Package: tikz 2025-08-29 v3.1.11a (3.1.11a)

(C:\Users\LandryNDZESSA\AppData\Local\Programs\MiKTeX\tex/generic/pgf/libraries
\pgflibraryplothandlers.code.tex
File: pgflibraryplothandlers.code.tex 2025-08-29 v3.1.11a (3.1.11a)
\pgf@plot@mark@count=\count343
\pgfplotmarksize=\dimen298
)
\tikz@lastx=\dimen299
\tikz@lasty=\dimen300
\tikz@lastxsaved=\dimen301
\tikz@lastysaved=\dimen302
\tikz@lastmovetox=\dimen303
\tikz@lastmovetoy=\dimen304
\tikzleveldistance=\dimen305
\tikzsiblingdistance=\dimen306
\tikz@figbox=\box74
\tikz@figbox@bg=\box75
\tikz@tempbox=\box76
\tikz@tempbox@bg=\box77
\tikztreelevel=\count344
\tikznumberofchildren=\count345
\tikznumberofcurrentchild=\count346
\tikz@fig@count=\count347

(C:\Users\LandryNDZESSA\AppData\Local\Programs\MiKTeX\tex/generic/pgf/modules\p
gfmodulematrix.code.tex
File: pgfmodulematrix.code.tex 2025-08-29 v3.1.11a (3.1.11a)
\pgfmatrixcurrentrow=\count348
\pgfmatrixcurrentcolumn=\count349
\pgf@matrix@numberofcolumns=\count350
)
\tikz@expandcount=\count351

(C:\Users\LandryNDZESSA\AppData\Local\Programs\MiKTeX\tex/generic/pgf/frontendl
ayer/tikz/libraries\tikzlibrarytopaths.code.tex
File: tikzlibrarytopaths.code.tex 2025-08-29 v3.1.11a (3.1.11a)
)))
(C:\Users\LandryNDZESSA\AppData\Local\Programs\MiKTeX\tex/generic/pgf/frontendl
ayer/tikz/libraries\tikzlibraryshapes.code.tex
File: tikzlibraryshapes.code.tex 2025-08-29 v3.1.11a (3.1.11a)

(C:\Users\LandryNDZESSA\AppData\Local\Programs\MiKTeX\tex/generic/pgf/frontendl
ayer/tikz/libraries\tikzlibraryshapes.geometric.code.tex
File: tikzlibraryshapes.geometric.code.tex 2025-08-29 v3.1.11a (3.1.11a)

(C:\Users\LandryNDZESSA\AppData\Local\Programs\MiKTeX\tex/generic/pgf/libraries
/shapes\pgflibraryshapes.geometric.code.tex
File: pgflibraryshapes.geometric.code.tex 2025-08-29 v3.1.11a (3.1.11a)
))
(C:\Users\LandryNDZESSA\AppData\Local\Programs\MiKTeX\tex/generic/pgf/frontendl
ayer/tikz/libraries\tikzlibraryshapes.misc.code.tex
File: tikzlibraryshapes.misc.code.tex 2025-08-29 v3.1.11a (3.1.11a)

(C:\Users\LandryNDZESSA\AppData\Local\Programs\MiKTeX\tex/generic/pgf/libraries
/shapes\pgflibraryshapes.misc.code.tex
File: pgflibraryshapes.misc.code.tex 2025-08-29 v3.1.11a (3.1.11a)
))
(C:\Users\LandryNDZESSA\AppData\Local\Programs\MiKTeX\tex/generic/pgf/frontendl
ayer/tikz/libraries\tikzlibraryshapes.symbols.code.tex
File: tikzlibraryshapes.symbols.code.tex 2025-08-29 v3.1.11a (3.1.11a)

(C:\Users\LandryNDZESSA\AppData\Local\Programs\MiKTeX\tex/generic/pgf/libraries
/shapes\pgflibraryshapes.symbols.code.tex
File: pgflibraryshapes.symbols.code.tex 2025-08-29 v3.1.11a (3.1.11a)
))
(C:\Users\LandryNDZESSA\AppData\Local\Programs\MiKTeX\tex/generic/pgf/frontendl
ayer/tikz/libraries\tikzlibraryshapes.arrows.code.tex
File: tikzlibraryshapes.arrows.code.tex 2025-08-29 v3.1.11a (3.1.11a)

(C:\Users\LandryNDZESSA\AppData\Local\Programs\MiKTeX\tex/generic/pgf/libraries
/shapes\pgflibraryshapes.arrows.code.tex
File: pgflibraryshapes.arrows.code.tex 2025-08-29 v3.1.11a (3.1.11a)
))
(C:\Users\LandryNDZESSA\AppData\Local\Programs\MiKTeX\tex/generic/pgf/frontendl
ayer/tikz/libraries\tikzlibraryshapes.callouts.code.tex
(C:\Users\LandryNDZESSA\AppData\Local\Programs\MiKTeX\tex/generic/pgf/libraries
/shapes\pgflibraryshapes.callouts.code.tex))
(C:\Users\LandryNDZESSA\AppData\Local\Programs\MiKTeX\tex/generic/pgf/frontendl
ayer/tikz/libraries\tikzlibraryshapes.multipart.code.tex
File: tikzlibraryshapes.multipart.code.tex 2025-08-29 v3.1.11a (3.1.11a)

(C:\Users\LandryNDZESSA\AppData\Local\Programs\MiKTeX\tex/generic/pgf/libraries
/shapes\pgflibraryshapes.multipart.code.tex
File: pgflibraryshapes.multipart.code.tex 2025-08-29 v3.1.11a (3.1.11a)
\pgfnodepartlowerbox=\box78
\pgfnodeparttwobox=\box79
\pgfnodepartthreebox=\box80
\pgfnodepartfourbox=\box81
\pgfnodeparttwentybox=\box82
\pgfnodepartnineteenbox=\box83
\pgfnodeparteighteenbox=\box84
\pgfnodepartseventeenbox=\box85
\pgfnodepartsixteenbox=\box86
\pgfnodepartfifteenbox=\box87
\pgfnodepartfourteenbox=\box88
\pgfnodepartthirteenbox=\box89
\pgfnodeparttwelvebox=\box90
\pgfnodepartelevenbox=\box91
\pgfnodeparttenbox=\box92
\pgfnodepartninebox=\box93
\pgfnodeparteightbox=\box94
\pgfnodepartsevenbox=\box95
\pgfnodepartsixbox=\box96
\pgfnodepartfivebox=\box97
)))
(C:\Users\LandryNDZESSA\AppData\Local\Programs\MiKTeX\tex/generic/pgf/libraries
\pgflibraryarrows.meta.code.tex
File: pgflibraryarrows.meta.code.tex 2025-08-29 v3.1.11a (3.1.11a)
\pgfarrowinset=\dimen307
\pgfarrowlength=\dimen308
\pgfarrowwidth=\dimen309
\pgfarrowlinewidth=\dimen310
)
(C:\Users\LandryNDZESSA\AppData\Local\Programs\MiKTeX\tex/generic/pgf/frontendl
ayer/tikz/libraries\tikzlibrarypositioning.code.tex
File: tikzlibrarypositioning.code.tex 2025-08-29 v3.1.11a (3.1.11a)
)
(C:\Users\LandryNDZESSA\AppData\Local\Programs\MiKTeX\tex/generic/pgf/frontendl
ayer/tikz/libraries\tikzlibrarycalc.code.tex
File: tikzlibrarycalc.code.tex 2025-08-29 v3.1.11a (3.1.11a)
)
(C:\Users\LandryNDZESSA\AppData\Local\Programs\MiKTeX\tex/generic/pgf/frontendl
ayer/tikz/libraries\tikzlibrarydecorations.pathmorphing.code.tex
(C:\Users\LandryNDZESSA\AppData\Local\Programs\MiKTeX\tex/generic/pgf/frontendl
ayer/tikz/libraries\tikzlibrarydecorations.code.tex
(C:\Users\LandryNDZESSA\AppData\Local\Programs\MiKTeX\tex/generic/pgf/modules\p
gfmoduledecorations.code.tex
\pgfdecoratedcompleteddistance=\dimen311
\pgfdecoratedremainingdistance=\dimen312
\pgfdecoratedinputsegmentcompleteddistance=\dimen313
\pgfdecoratedinputsegmentremainingdistance=\dimen314
\pgf@decorate@distancetomove=\dimen315
\pgf@decorate@repeatstate=\count352
\pgfdecorationsegmentamplitude=\dimen316
\pgfdecorationsegmentlength=\dimen317
)
\tikz@lib@dec@box=\box98
)
(C:\Users\LandryNDZESSA\AppData\Local\Programs\MiKTeX\tex/generic/pgf/libraries
/decorations\pgflibrarydecorations.pathmorphing.code.tex))
(C:\Users\LandryNDZESSA\AppData\Local\Programs\MiKTeX\tex/latex/tools\tabularx.
sty
Package: tabularx 2023/12/11 v2.12a `tabularx' package (DPC)
\TX@col@width=\dimen318
\TX@old@table=\dimen319
\TX@old@col=\dimen320
\TX@target=\dimen321
\TX@delta=\dimen322
\TX@cols=\count353
\TX@ftn=\toks44
)
(C:\Users\LandryNDZESSA\AppData\Local\Programs\MiKTeX\tex/latex/multirow\multir
ow.sty
Package: multirow 2024/11/12 v2.9 Span multiple rows of a table
\multirow@colwidth=\skip69
\multirow@cntb=\count354
\multirow@dima=\skip70
\bigstrutjot=\dimen323
)
(C:\Users\LandryNDZESSA\AppData\Local\Programs\MiKTeX\tex/latex/tools\longtable
.sty
Package: longtable 2025-10-13 v4.24 Multi-page Table package (DPC)
\LTleft=\skip71
\LTright=\skip72
\LTpre=\skip73
\LTpost=\skip74
\LTchunksize=\count355
\LTcapwidth=\dimen324
\LT@head=\box99
\LT@firsthead=\box100
\LT@foot=\box101
\LT@lastfoot=\box102
\LT@gbox=\box103
\LT@cols=\count356
\LT@rows=\count357
\c@LT@tables=\count358
\c@LT@chunks=\count359
\LT@p@ftn=\toks45
)
(C:\Users\LandryNDZESSA\AppData\Local\Programs\MiKTeX\tex/latex/amsmath\amsmath
.sty
Package: amsmath 2025/07/09 v2.17z AMS math features
\@mathmargin=\skip75

For additional information on amsmath, use the `?' option.

(C:\Users\LandryNDZESSA\AppData\Local\Programs\MiKTeX\tex/latex/amsmath\amsbsy.
sty
Package: amsbsy 1999/11/29 v1.2d Bold Symbols
\pmbraise@=\dimen325
)
(C:\Users\LandryNDZESSA\AppData\Local\Programs\MiKTeX\tex/latex/amsmath\amsopn.
sty
Package: amsopn 2022/04/08 v2.04 operator names
)
\inf@bad=\count360
LaTeX Info: Redefining \frac on input line 233.
\uproot@=\count361
\leftroot@=\count362
LaTeX Info: Redefining \overline on input line 398.
LaTeX Info: Redefining \colon on input line 409.
\classnum@=\count363
\DOTSCASE@=\count364
LaTeX Info: Redefining \ldots on input line 495.
LaTeX Info: Redefining \dots on input line 498.
LaTeX Info: Redefining \cdots on input line 619.
\Mathstrutbox@=\box104
\strutbox@=\box105
LaTeX Info: Redefining \big on input line 721.
LaTeX Info: Redefining \Big on input line 722.
LaTeX Info: Redefining \bigg on input line 723.
LaTeX Info: Redefining \Bigg on input line 724.
\big@size=\dimen326
LaTeX Font Info:    Redeclaring font encoding OML on input line 742.
LaTeX Font Info:    Redeclaring font encoding OMS on input line 743.
\macc@depth=\count365
LaTeX Info: Redefining \bmod on input line 904.
LaTeX Info: Redefining \pmod on input line 909.
LaTeX Info: Redefining \smash on input line 939.
LaTeX Info: Redefining \relbar on input line 969.
LaTeX Info: Redefining \Relbar on input line 970.
\c@MaxMatrixCols=\count366
\dotsspace@=\muskip17
\c@parentequation=\count367
\dspbrk@lvl=\count368
\tag@help=\toks46
\row@=\count369
\column@=\count370
\maxfields@=\count371
\andhelp@=\toks47
\eqnshift@=\dimen327
\alignsep@=\dimen328
\tagshift@=\dimen329
\tagwidth@=\dimen330
\totwidth@=\dimen331
\lineht@=\dimen332
\@envbody=\toks48
\multlinegap=\skip76
\multlinetaggap=\skip77
\mathdisplay@stack=\toks49
LaTeX Info: Redefining \[ on input line 2950.
LaTeX Info: Redefining \] on input line 2951.
)
(C:\Users\LandryNDZESSA\AppData\Local\Programs\MiKTeX\tex/latex/amsfonts\amssym
b.sty
Package: amssymb 2013/01/14 v3.01 AMS font symbols

(C:\Users\LandryNDZESSA\AppData\Local\Programs\MiKTeX\tex/latex/amsfonts\amsfon
ts.sty
Package: amsfonts 2013/01/14 v3.01 Basic AMSFonts support
\symAMSa=\mathgroup4
\symAMSb=\mathgroup5
LaTeX Font Info:    Redeclaring math symbol \hbar on input line 98.
LaTeX Font Info:    Overwriting math alphabet `\mathfrak' in version `bold'
(Font)                  U/euf/m/n --> U/euf/b/n on input line 106.
))
(C:\Users\LandryNDZESSA\AppData\Local\Programs\MiKTeX\tex/latex/amscls\amsthm.s
ty
Package: amsthm 2020/05/29 v2.20.6
\thm@style=\toks50
\thm@bodyfont=\toks51
\thm@headfont=\toks52
\thm@notefont=\toks53
\thm@headpunct=\toks54
\thm@preskip=\skip78
\thm@postskip=\skip79
\thm@headsep=\skip80
\dth@everypar=\toks55
)
(C:\Users\LandryNDZESSA\AppData\Local\Programs\MiKTeX\tex/latex/listings\listin
gs.sty
\lst@mode=\count372
\lst@gtempboxa=\box106
\lst@token=\toks56
\lst@length=\count373
\lst@currlwidth=\dimen333
\lst@column=\count374
\lst@pos=\count375
\lst@lostspace=\dimen334
\lst@width=\dimen335
\lst@newlines=\count376
\lst@lineno=\count377
\lst@maxwidth=\dimen336

(C:\Users\LandryNDZESSA\AppData\Local\Programs\MiKTeX\tex/latex/listings\lstpat
ch.sty
File: lstpatch.sty 2025/11/14 1.11b (Carsten Heinz)
)
(C:\Users\LandryNDZESSA\AppData\Local\Programs\MiKTeX\tex/latex/listings\lstmis
c.sty
File: lstmisc.sty 2025/11/14 1.11b (Carsten Heinz)
\c@lstnumber=\count378
\lst@skipnumbers=\count379
\lst@framebox=\box107
)
(C:\Users\LandryNDZESSA\AppData\Local\Programs\MiKTeX\tex/latex/listings\listin
gs.cfg
File: listings.cfg 2025/11/14 1.11b listings configuration
))
Package: listings 2025/11/14 1.11b (Carsten Heinz)

==> First Aid for listings.sty no longer applied!
    Expected:
        2024/09/23 1.10c (Carsten Heinz)
    but found:
        2025/11/14 1.11b (Carsten Heinz)
    so I'm assuming it got fixed.

(C:\Users\LandryNDZESSA\AppData\Local\Programs\MiKTeX\tex/latex/algorithms\algo
rithm.sty
Package: algorithm 2009/08/24 v0.1 Document Style `algorithm' - floating enviro
nment

(C:\Users\LandryNDZESSA\AppData\Local\Programs\MiKTeX\tex/latex/base\ifthen.sty
Package: ifthen 2024/03/16 v1.1e Standard LaTeX ifthen package (DPC)
)
\@float@every@algorithm=\toks57
\c@algorithm=\count380
)
(C:\Users\LandryNDZESSA\AppData\Local\Programs\MiKTeX\tex/latex/algorithmicx\al
gpseudocode.sty
Package: algpseudocode 

(C:\Users\LandryNDZESSA\AppData\Local\Programs\MiKTeX\tex/latex/algorithmicx\al
gorithmicx.sty
Package: algorithmicx 2005/04/27 v1.2 Algorithmicx

Document Style algorithmicx 1.2 - a greatly improved `algorithmic' style
\c@ALG@line=\count381
\c@ALG@rem=\count382
\c@ALG@nested=\count383
\ALG@tlm=\skip81
\ALG@thistlm=\skip82
\c@ALG@Lnr=\count384
\c@ALG@blocknr=\count385
\c@ALG@storecount=\count386
\c@ALG@tmpcounter=\count387
\ALG@tmplength=\skip83
)
Document Style - pseudocode environments for use with the `algorithmicx' style
)
(C:\Users\LandryNDZESSA\AppData\Local\Programs\MiKTeX\tex/latex/hyperref\hyperr
ef.sty
Package: hyperref 2025-07-12 v7.01o Hypertext links for LaTeX

(C:\Users\LandryNDZESSA\AppData\Local\Programs\MiKTeX\tex/latex/kvsetkeys\kvset
keys.sty
Package: kvsetkeys 2022-10-05 v1.19 Key value parser (HO)
)
(C:\Users\LandryNDZESSA\AppData\Local\Programs\MiKTeX\tex/generic/kvdefinekeys\
kvdefinekeys.sty
Package: kvdefinekeys 2019-12-19 v1.6 Define keys (HO)
)
(C:\Users\LandryNDZESSA\AppData\Local\Programs\MiKTeX\tex/generic/pdfescape\pdf
escape.sty
Package: pdfescape 2019/12/09 v1.15 Implements pdfTeX's escape features (HO)
)
(C:\Users\LandryNDZESSA\AppData\Local\Programs\MiKTeX\tex/latex/hycolor\hycolor
.sty
Package: hycolor 2020-01-27 v1.10 Color options for hyperref/bookmark (HO)
)
(C:\Users\LandryNDZESSA\AppData\Local\Programs\MiKTeX\tex/latex/hyperref\namere
f.sty
Package: nameref 2025-06-21 v2.57 Cross-referencing by name of section

(C:\Users\LandryNDZESSA\AppData\Local\Programs\MiKTeX\tex/latex/refcount\refcou
nt.sty
Package: refcount 2019/12/15 v3.6 Data extraction from label references (HO)
)
(C:\Users\LandryNDZESSA\AppData\Local\Programs\MiKTeX\tex/generic/gettitlestrin
g\gettitlestring.sty
Package: gettitlestring 2019/12/15 v1.6 Cleanup title references (HO)

(C:\Users\LandryNDZESSA\AppData\Local\Programs\MiKTeX\tex/latex/kvoptions\kvopt
ions.sty
Package: kvoptions 2022-06-15 v3.15 Key value format for package options (HO)
))
\c@section@level=\count388
)
(C:\Users\LandryNDZESSA\AppData\Local\Programs\MiKTeX\tex/generic/stringenc\str
ingenc.sty
Package: stringenc 2019/11/29 v1.12 Convert strings between diff. encodings (HO
)
)
\@linkdim=\dimen337
\Hy@linkcounter=\count389
\Hy@pagecounter=\count390

(C:\Users\LandryNDZESSA\AppData\Local\Programs\MiKTeX\tex/latex/hyperref\pd1enc
.def
File: pd1enc.def 2025-07-12 v7.01o Hyperref: PDFDocEncoding definition (HO)
Now handling font encoding PD1 ...
... no UTF-8 mapping file for font encoding PD1
)
(C:\Users\LandryNDZESSA\AppData\Local\Programs\MiKTeX\tex/generic/intcalc\intca
lc.sty
Package: intcalc 2019/12/15 v1.3 Expandable calculations with integers (HO)
)
\Hy@SavedSpaceFactor=\count391

(C:\Users\LandryNDZESSA\AppData\Local\Programs\MiKTeX\tex/latex/hyperref\puenc.
def
File: puenc.def 2025-07-12 v7.01o Hyperref: PDF Unicode definition (HO)
Now handling font encoding PU ...
... no UTF-8 mapping file for font encoding PU
)
Package hyperref Info: Option `colorlinks' set `true' on input line 4066.
Package hyperref Info: Option `bookmarks' set `true' on input line 4066.
Package hyperref Info: Hyper figures OFF on input line 4195.
Package hyperref Info: Link nesting OFF on input line 4200.
Package hyperref Info: Hyper index ON on input line 4203.
Package hyperref Info: Plain pages OFF on input line 4210.
Package hyperref Info: Backreferencing OFF on input line 4215.
Package hyperref Info: Implicit mode ON; LaTeX internals redefined.
Package hyperref Info: Bookmarks ON on input line 4462.
\c@Hy@tempcnt=\count392

(C:\Users\LandryNDZESSA\AppData\Local\Programs\MiKTeX\tex/latex/url\url.sty
\Urlmuskip=\muskip18
Package: url 2013/09/16  ver 3.4  Verb mode for urls, etc.
)
LaTeX Info: Redefining \url on input line 4801.
\XeTeXLinkMargin=\dimen338

(C:\Users\LandryNDZESSA\AppData\Local\Programs\MiKTeX\tex/generic/bitset\bitset
.sty
Package: bitset 2019/12/09 v1.3 Handle bit-vector datatype (HO)

(C:\Users\LandryNDZESSA\AppData\Local\Programs\MiKTeX\tex/generic/bigintcalc\bi
gintcalc.sty
Package: bigintcalc 2019/12/15 v1.5 Expandable calculations on big integers (HO
)
))
\Fld@menulength=\count393
\Field@Width=\dimen339
\Fld@charsize=\dimen340
Package hyperref Info: Hyper figures OFF on input line 6078.
Package hyperref Info: Link nesting OFF on input line 6083.
Package hyperref Info: Hyper index ON on input line 6086.
Package hyperref Info: backreferencing OFF on input line 6093.
Package hyperref Info: Link coloring ON on input line 6096.
Package hyperref Info: Link coloring with OCG OFF on input line 6103.
Package hyperref Info: PDF/A mode OFF on input line 6108.
\Hy@abspage=\count394
\c@Item=\count395
\c@Hfootnote=\count396
)
Package hyperref Info: Driver (autodetected): hpdftex.

(C:\Users\LandryNDZESSA\AppData\Local\Programs\MiKTeX\tex/latex/hyperref\hpdfte
x.def
File: hpdftex.def 2025-07-12 v7.01o Hyperref driver for pdfTeX
\Fld@listcount=\count397
\c@bookmark@seq@number=\count398

(C:\Users\LandryNDZESSA\AppData\Local\Programs\MiKTeX\tex/latex/rerunfilecheck\
rerunfilecheck.sty
Package: rerunfilecheck 2025-06-21 v1.11 Rerun checks for auxiliary files (HO)

(C:\Users\LandryNDZESSA\AppData\Local\Programs\MiKTeX\tex/generic/uniquecounter
\uniquecounter.sty
Package: uniquecounter 2019/12/15 v1.4 Provide unlimited unique counter (HO)
)
Package uniquecounter Info: New unique counter `rerunfilecheck' on input line 2
84.
)
\Hy@SectionHShift=\skip84
)
(C:\Users\LandryNDZESSA\AppData\Local\Programs\MiKTeX\tex/latex/natbib\natbib.s
ty
Package: natbib 2010/09/13 8.31b (PWD, AO)
\bibhang=\skip85
\bibsep=\skip86
LaTeX Info: Redefining \cite on input line 694.
\c@NAT@ctr=\count399
)
(C:\Users\LandryNDZESSA\AppData\Local\Programs\MiKTeX\tex/latex/titlesec\titles
ec.sty
Package: titlesec 2025/01/04 v2.17 Sectioning titles
\ttl@box=\box108
\beforetitleunit=\skip87
\aftertitleunit=\skip88
\ttl@plus=\dimen341
\ttl@minus=\dimen342
\ttl@toksa=\toks58
\titlewidth=\dimen343
\titlewidthlast=\dimen344
\titlewidthfirst=\dimen345
)
(C:\Users\LandryNDZESSA\AppData\Local\Programs\MiKTeX\tex/latex/titlesec\titlet
oc.sty
Package: titletoc 2025/01/04 v2.17 TOC entries
\ttl@leftsep=\dimen346
)
(C:\Users\LandryNDZESSA\AppData\Local\Programs\MiKTeX\tex/latex/tocloft\tocloft
.sty
Package: tocloft 2017/08/31 v2.3i parameterised ToC, etc., typesetting
Package tocloft Info: The document has chapter divisions on input line 51.
\cftparskip=\skip89
\cftbeforetoctitleskip=\skip90
\cftaftertoctitleskip=\skip91
\cftbeforepartskip=\skip92
\cftpartnumwidth=\skip93
\cftpartindent=\skip94
\cftbeforechapskip=\skip95
\cftchapindent=\skip96
\cftchapnumwidth=\skip97
\cftbeforesecskip=\skip98
\cftsecindent=\skip99
\cftsecnumwidth=\skip100
\cftbeforesubsecskip=\skip101
\cftsubsecindent=\skip102
\cftsubsecnumwidth=\skip103
\cftbeforesubsubsecskip=\skip104
\cftsubsubsecindent=\skip105
\cftsubsubsecnumwidth=\skip106
\cftbeforeparaskip=\skip107
\cftparaindent=\skip108
\cftparanumwidth=\skip109
\cftbeforesubparaskip=\skip110
\cftsubparaindent=\skip111
\cftsubparanumwidth=\skip112
\cftbeforeloftitleskip=\skip113
\cftafterloftitleskip=\skip114
\cftbeforefigskip=\skip115
\cftfigindent=\skip116
\cftfignumwidth=\skip117
\c@lofdepth=\count400
\c@lotdepth=\count401
\cftbeforelottitleskip=\skip118
\cftafterlottitleskip=\skip119
\cftbeforetabskip=\skip120
\cfttabindent=\skip121
\cfttabnumwidth=\skip122
)
(C:\Users\LandryNDZESSA\AppData\Local\Programs\MiKTeX\tex/latex/tcolorbox\tcolo
rbox.sty
Package: tcolorbox 2025/11/28 version 6.9.0 text color boxes

(C:\Users\LandryNDZESSA\AppData\Local\Programs\MiKTeX\tex/latex/tools\verbatim.
sty
Package: verbatim 2024-01-22 v1.5x LaTeX2e package for verbatim enhancements
\every@verbatim=\toks59
\verbatim@line=\toks60
\verbatim@in@stream=\read4
)
(C:\Users\LandryNDZESSA\AppData\Local\Programs\MiKTeX\tex/latex/environ\environ
.sty
Package: environ 2014/05/04 v0.3 A new way to define environments

(C:\Users\LandryNDZESSA\AppData\Local\Programs\MiKTeX\tex/latex/trimspaces\trim
spaces.sty
Package: trimspaces 2009/09/17 v1.1 Trim spaces around a token list
))
\tcb@titlebox=\box109
\tcb@upperbox=\box110
\tcb@lowerbox=\box111
\tcb@phantombox=\box112
\c@tcbbreakpart=\count402
\c@tcblayer=\count403
\c@tcolorbox@number=\count404
\l__tcobox_tmpa_box=\box113
\l__tcobox_tmpa_dim=\dimen347
\tcb@temp=\box114
\tcb@temp=\box115
\tcb@temp=\box116
\tcb@temp=\box117
)
(C:\Users\LandryNDZESSA\AppData\Local\Programs\MiKTeX\tex/latex/tcolorbox\tcbra
ster.code.tex
Library (tcolorbox): 'tcbraster.code.tex' version '6.9.0'
\c@tcbrastercolumn=\count405
\c@tcbrasterrow=\count406
\c@tcbrasternum=\count407
\c@tcbraster=\count408
)
(C:\Users\LandryNDZESSA\AppData\Local\Programs\MiKTeX\tex/latex/tcolorbox\tcbsk
ins.code.tex
Library (tcolorbox): 'tcbskins.code.tex' version '6.9.0'

(C:\Users\LandryNDZESSA\AppData\Local\Programs\MiKTeX\tex/latex/tikzfill\tikzfi
ll.image.sty
Package: tikzfill.image 2026/04/23 v1.2.0 Image filling library for TikZ

(C:\Users\LandryNDZESSA\AppData\Local\Programs\MiKTeX\tex/latex/tikzfill\tikzli
braryfill.image.code.tex
File: tikzlibraryfill.image.code.tex 2026/04/23 v1.2.0 Image filling library
\l__tikzfill_tmpa_dim=\dimen348
\l__tikzfill_tmpb_dim=\dimen349
\l__tikzfill_img_box=\box118
))
(C:\Users\LandryNDZESSA\AppData\Local\Programs\MiKTeX\tex/latex/tcolorbox\tcbsk
insjigsaw.code.tex
Library (tcolorbox): 'tcbskinsjigsaw.code.tex' version '6.9.0'
))
(C:\Users\LandryNDZESSA\AppData\Local\Programs\MiKTeX\tex/latex/tcolorbox\tcbbr
eakable.code.tex
Library (tcolorbox): 'tcbbreakable.code.tex' version '6.9.0'

(C:\Users\LandryNDZESSA\AppData\Local\Programs\MiKTeX\tex/latex/pdfcol\pdfcol.s
ty
Package: pdfcol 2022-09-21 v1.7 Handle new color stacks for pdfTeX (HO)
)
Package pdfcol Info: New color stack `tcb@breakable' = 1 on input line 23.
\tcb@testbox=\box119
\tcb@totalupperbox=\box120
\tcb@totallowerbox=\box121
)
(C:\Users\LandryNDZESSA\AppData\Local\Programs\MiKTeX\tex/latex/tcolorbox\tcbho
oks.code.tex
Library (tcolorbox): 'tcbhooks.code.tex' version '6.9.0'
)
(C:\Users\LandryNDZESSA\AppData\Local\Programs\MiKTeX\tex/latex/tcolorbox\tcbth
eorems.code.tex
Library (tcolorbox): 'tcbtheorems.code.tex' version '6.9.0'
)
(C:\Users\LandryNDZESSA\AppData\Local\Programs\MiKTeX\tex/latex/tcolorbox\tcbfi
tting.code.tex
Library (tcolorbox): 'tcbfitting.code.tex' version '6.9.0'
\tcbfitdim=\dimen350
\tcb@lowerfitdim=\dimen351
\tcb@upperfitdim=\dimen352
\tcb@cur@hbadness=\count409
)
(C:\Users\LandryNDZESSA\AppData\Local\Programs\MiKTeX\tex/latex/tcolorbox\tcbli
stingsutf8.code.tex
Library (tcolorbox): 'tcblistingsutf8.code.tex' version '6.9.0'

(C:\Users\LandryNDZESSA\AppData\Local\Programs\MiKTeX\tex/latex/tcolorbox\tcbli
stings.code.tex
Library (tcolorbox): 'tcblistings.code.tex' version '6.9.0'

(C:\Users\LandryNDZESSA\AppData\Local\Programs\MiKTeX\tex/latex/tcolorbox\tcbli
stingscore.code.tex
Library (tcolorbox): 'tcblistingscore.code.tex' version '6.9.0'

(C:\Users\LandryNDZESSA\AppData\Local\Programs\MiKTeX\tex/latex/tcolorbox\tcbpr
ocessing.code.tex
Library (tcolorbox): 'tcbprocessing.code.tex' version '6.9.0'
)
\c@tcblisting=\count410
))
(C:\Users\LandryNDZESSA\AppData\Local\Programs\MiKTeX\tex/latex/listingsutf8\li
stingsutf8.sty
Package: listingsutf8 2019-12-10 v1.5 Allow UTF-8 in listings input (HO)
))
(C:\Users\LandryNDZESSA\AppData\Local\Programs\MiKTeX\tex/latex/tcolorbox\tcbex
ternal.code.tex
Library (tcolorbox): 'tcbexternal.code.tex' version '6.9.0'
)
(C:\Users\LandryNDZESSA\AppData\Local\Programs\MiKTeX\tex/latex/tcolorbox\tcbma
gazine.code.tex
Library (tcolorbox): 'tcbmagazine.code.tex' version '6.9.0'
)
(C:\Users\LandryNDZESSA\AppData\Local\Programs\MiKTeX\tex/latex/tcolorbox\tcbvi
gnette.code.tex
Library (tcolorbox): 'tcbvignette.code.tex' version '6.9.0'

(C:\Users\LandryNDZESSA\AppData\Local\Programs\MiKTeX\tex/generic/pgf/frontendl
ayer/tikz/libraries\tikzlibraryfadings.code.tex
File: tikzlibraryfadings.code.tex 2025-08-29 v3.1.11a (3.1.11a)

(C:\Users\LandryNDZESSA\AppData\Local\Programs\MiKTeX\tex/generic/pgf/libraries
\pgflibraryfadings.code.tex
File: pgflibraryfadings.code.tex 2025-08-29 v3.1.11a (3.1.11a)
)))
(C:\Users\LandryNDZESSA\AppData\Local\Programs\MiKTeX\tex/latex/tcolorbox\tcbpo
ster.code.tex
Library (tcolorbox): 'tcbposter.code.tex' version '6.9.0'
)
(C:\Users\LandryNDZESSA\AppData\Local\Programs\MiKTeX\tex/latex/glossaries/base
\glossaries.sty
Package: glossaries 2026/04/21 v5.1 (NLCT)

(C:\Users\LandryNDZESSA\AppData\Local\Programs\MiKTeX\tex/latex/xkeyval\xkeyval
.sty
Package: xkeyval 2022/06/16 v2.9 package option processing (HA)

(C:\Users\LandryNDZESSA\AppData\Local\Programs\MiKTeX\tex/generic/xkeyval\xkeyv
al.tex
(C:\Users\LandryNDZESSA\AppData\Local\Programs\MiKTeX\tex/generic/xkeyval\xkvut
ils.tex
\XKV@toks=\toks61
\XKV@tempa@toks=\toks62
)
\XKV@depth=\count411
File: xkeyval.tex 2014/12/03 v2.7a key=value parser (HA)
))
(C:\Users\LandryNDZESSA\AppData\Local\Programs\MiKTeX\tex/latex/mfirstuc\mfirst
uc.sty
Package: mfirstuc 2025/04/03 v2.09 (NLCT)
\@glsmfirst=\toks63
\@glsmrest=\toks64
)
(C:\Users\LandryNDZESSA\AppData\Local\Programs\MiKTeX\tex/latex/xfor\xfor.sty
Package: xfor 2009/02/05 v1.05 (NLCT)
)
(C:\Users\LandryNDZESSA\AppData\Local\Programs\MiKTeX\tex/latex/tracklang\track
lang.sty
Package: tracklang 2025/03/11 v1.6.6 (NLCT) Track Languages

(C:\Users\LandryNDZESSA\AppData\Local\Programs\MiKTeX\tex/generic/tracklang\tra
cklang.tex)
Package tracklang Info: Tracking dialect `french' (language `french') on input 
line 264.
Package tracklang Info: Tracking dialect `french' (language `french') on input 
line 264.
)
(C:\Users\LandryNDZESSA\AppData\Local\Programs\MiKTeX\tex/latex/translator\tran
slator.sty
Package: translator 2021-05-31 v1.12d Easy translation of strings in LaTeX
)
(C:\Users\LandryNDZESSA\AppData\Local\Programs\MiKTeX\tex/latex/glossaries-fren
ch\glossaries-french.ldf
File: glossaries-french.ldf 2016/12/12 v1.1
)
(C:\Users\LandryNDZESSA\AppData\Local\Programs\MiKTeX\tex/latex/datatool\datato
ol-base.sty
Package: datatool-base 2025/12/04 v3.4.3 (NLCT)
\l__datatool_tmpa_int=\count412
\l__datatool_tmpb_int=\count413
\l__datatool_tmpc_int=\count414
\l__datatool_tmpd_int=\count415
\l__datatool_count_int=\count416
\l__datatool_tmp_datatype_int=\count417
\l__datatool_tmpa_dim=\dimen353
\l__datatool_tmpb_dim=\dimen354

(C:\Users\LandryNDZESSA\AppData\Local\Programs\MiKTeX\tex/latex/datatool\datato
ol-l3fp.def
File: datatool-l3fp.def 2025/12/04 v3.4.3 (NLCT)
)
\@dtl@toks=\toks65
\@dtl@tmpcount=\count418
\dtl@tmplength=\skip123
\l__datatool_measure_box=\box122
\dtl@sortresult=\count419

(C:\Users\LandryNDZESSA\AppData\Local\Programs\MiKTeX\tex/latex/datatool\datato
ol-utf8.ldf
File: datatool-utf8.ldf 2025/12/04 v3.4.3 (NLCT)
)
\@dtl@datatype=\count420
\c_datatool_unknown_int=\count421
\l__datatool_year_int=\count422
\l__datatool_month_int=\count423
\l__datatool_day_int=\count424
\l__datatool_hour_int=\count425
\l__datatool_minute_int=\count426
\l__datatool_second_int=\count427
\l__datatool_tzhour_int=\count428
\l__datatool_tzminute_int=\count429
\l__datatool_julian_int=\count430
\l__datatool_local_julian_int=\count431
\l__datatool_prefix_int=\count432
\l__datatool_suffix_int=\count433
\@dtl@foreach@level=\count434


Package tracklang Warning: No `datatool' support for dialect `french'  on input
 line 9924.

\dtl@codeA=\count435
\dtl@codeB=\count436
)
\gls@level=\count437
\@gls@tmpb=\toks66
\gls@tmplen=\skip124
\l__glossaries_tmpa_dim=\dimen355
\l__glossaries_tmpb_dim=\dimen356
\glskeylisttok=\toks67
\glslabeltok=\toks68
\glsshorttok=\toks69
\glslongtok=\toks70

(C:\Users\LandryNDZESSA\AppData\Local\Programs\MiKTeX\tex/latex/glossaries/styl
es\glossary-hypernav.sty
Package: glossary-hypernav 2026/04/21 v5.1 (NLCT)
)
(C:\Users\LandryNDZESSA\AppData\Local\Programs\MiKTeX\tex/latex/glossaries/styl
es\glossary-list.sty
Package: glossary-list 2026/04/21 v5.1 (NLCT)
\glslistdottedwidth=\skip125
)
(C:\Users\LandryNDZESSA\AppData\Local\Programs\MiKTeX\tex/latex/glossaries/styl
es\glossary-long.sty
Package: glossary-long 2026/04/21 v5.1 (NLCT)
\glsdescwidth=\skip126
\glspagelistwidth=\skip127
)
(C:\Users\LandryNDZESSA\AppData\Local\Programs\MiKTeX\tex/latex/glossaries/styl
es\glossary-super.sty
Package: glossary-super 2026/04/21 v5.1 (NLCT)

(C:\Users\LandryNDZESSA\AppData\Local\Programs\MiKTeX\tex/latex/supertabular\su
pertabular.sty
Package: supertabular 2025/06/26 v4.2d the supertabular environment
\c@tracingst=\count438
\ST@wd=\dimen357
\ST@rightskip=\skip128
\ST@leftskip=\skip129
\ST@parfillskip=\skip130
\ST@pageleft=\dimen358
\ST@headht=\dimen359
\ST@tailht=\dimen360
\ST@pagesofar=\dimen361
\ST@pboxht=\dimen362
\ST@rowht=\dimen363
\ST@prevht=\dimen364
\ST@toadd=\dimen365
\ST@dimen=\dimen366
\ST@pbox=\box123
))
(C:\Users\LandryNDZESSA\AppData\Local\Programs\MiKTeX\tex/latex/glossaries/styl
es\glossary-tree.sty
Package: glossary-tree 2026/04/21 v5.1 (NLCT)
\l__glossaries_tree_max_known_level_int=\count439
\l__glossaries_tree_offset_dim=\dimen367
\l__glossaries_tree_namewidth_dim=\dimen368
\l__glossaries_tree_symbolwidth_dim=\dimen369
\l__glossaries_tree_prenamesym_width_dim=\dimen370
\l__glossaries_tree_presubnamesym_width_dim=\dimen371
\l__glossaries_tree_namewidth_padding_dim=\dimen372
\l__glossaries_tree_symbolwidth_padding_dim=\dimen373
\l__glossaries_tree_namesymbolwidth_dim=\dimen374
\l__glossaries_tree_namesymbolwidth_padding_dim=\dimen375
\l__glossaries_tree_level_int=\count440
\glstreeindent=\skip131
))
\glswrite=\write4
\glo@main@file=\write5
\openout5 = `test.glo'.

Package glossaries Info: Writing glossary file test.glo on input line 237.
\glo@acronym@file=\write6
\openout6 = `test.acn'.

Package glossaries Info: Writing glossary file test.acn on input line 237.


Package french3.ldf Warning: Please load the "natbib" package
(french3.ldf)                BEFORE babel/french; reported on input line 277.

Package csquotes Info: Checking for multilingual support...
Package csquotes Info: ... found 'babel' package.
Package csquotes Info: Adjusting default style.
Package csquotes Info: Redefining alias 'default' -> 'french'.
LaTeX Font Info:    Trying to load font information for T1+lmr on input line 27
7.
(C:\Users\LandryNDZESSA\AppData\Local\Programs\MiKTeX\tex/latex/lm\t1lmr.fd
File: t1lmr.fd 2015/05/01 v1.6.1 Font defs for Latin Modern
)
(C:\Users\LandryNDZESSA\AppData\Local\Programs\MiKTeX\tex/latex/l3backend\l3bac
kend-pdftex.def
File: l3backend-pdftex.def 2025-10-09 L3 backend support: PDF output (pdfTeX)
\l__color_backend_stack_int=\count441
) (test.aux
Package babel Info: 'french' activates 'french' shorthands.
(babel)             Reported on input line 20.


LaTeX Warning: Label `fig:mon_label' multiply defined.


LaTeX Warning: Label `fig:admin' multiply defined.

)
\openout1 = `test.aux'.

LaTeX Font Info:    Checking defaults for OML/cmm/m/it on input line 277.
LaTeX Font Info:    ... okay on input line 277.
LaTeX Font Info:    Checking defaults for OMS/cmsy/m/n on input line 277.
LaTeX Font Info:    ... okay on input line 277.
LaTeX Font Info:    Checking defaults for OT1/cmr/m/n on input line 277.
LaTeX Font Info:    ... okay on input line 277.
LaTeX Font Info:    Checking defaults for T1/cmr/m/n on input line 277.
LaTeX Font Info:    ... okay on input line 277.
LaTeX Font Info:    Checking defaults for TS1/cmr/m/n on input line 277.
LaTeX Font Info:    ... okay on input line 277.
LaTeX Font Info:    Checking defaults for OMX/cmex/m/n on input line 277.
LaTeX Font Info:    ... okay on input line 277.
LaTeX Font Info:    Checking defaults for U/cmr/m/n on input line 277.
LaTeX Font Info:    ... okay on input line 277.
LaTeX Font Info:    Checking defaults for PD1/pdf/m/n on input line 277.
LaTeX Font Info:    ... okay on input line 277.
LaTeX Font Info:    Checking defaults for PU/pdf/m/n on input line 277.
LaTeX Font Info:    ... okay on input line 277.
LaTeX Info: Redefining \degres on input line 277.

(C:\Users\LandryNDZESSA\AppData\Local\Programs\MiKTeX\tex/latex/translations/di
cts\translations-basic-dictionary-french.trsl
File: translations-basic-dictionary-french.trsl (french translation file `trans
lations-basic-dictionary')
)
Package translations Info: loading dictionary `translations-basic-dictionary' f
or `french'. on input line 277.
Package caption Info: Begin \AtBeginDocument code.
Package caption Info: hyperref package is loaded.
Package caption Info: listings package is loaded.
Package caption Info: longtable package is loaded.

(C:\Users\LandryNDZESSA\AppData\Local\Programs\MiKTeX\tex/latex/caption\ltcapti
on.sty
Package: ltcaption 2021/01/08 v1.4c longtable captions (AR)
)
Package caption Info: supertabular package is loaded.
Package caption Info: wrapfig package is loaded.
Package caption Info: End \AtBeginDocument code.

(C:\Users\LandryNDZESSA\AppData\Local\Programs\MiKTeX\tex/context/base/mkii\sup
p-pdf.mkii
[Loading MPS to PDF converter (version 2006.09.02).]
\scratchcounter=\count442
\scratchdimen=\dimen376
\scratchbox=\box124
\nofMPsegments=\count443
\nofMParguments=\count444
\everyMPshowfont=\toks71
\MPscratchCnt=\count445
\MPscratchDim=\dimen377
\MPnumerator=\count446
\makeMPintoPDFobject=\count447
\everyMPtoPDFconversion=\toks72
)
(C:\Users\LandryNDZESSA\AppData\Local\Programs\MiKTeX\tex/latex/epstopdf-pkg\ep
stopdf-base.sty
Package: epstopdf-base 2020-01-24 v2.11 Base part for package epstopdf
Package epstopdf-base Info: Redefining graphics rule for `.eps' on input line 4
85.

(C:\Users\LandryNDZESSA\AppData\Local\Programs\MiKTeX\tex/latex/00miktex\epstop
df-sys.cfg
File: epstopdf-sys.cfg 2021/03/18 v2.0 Configuration of epstopdf for MiKTeX
))
LaTeX Info: Redefining \microtypecontext on input line 277.
Package microtype Info: Applying patch `item' on input line 277.
Package microtype Info: Applying patch `toc' on input line 277.
Package microtype Info: Applying patch `eqnum' on input line 277.
Package microtype Info: Applying patch `footnote' on input line 277.
Package microtype Info: Applying patch `verbatim' on input line 277.
LaTeX Info: Redefining \microtypesetup on input line 277.
Package microtype Info: Generating PDF output.
Package microtype Info: Character protrusion enabled (level 2).
Package microtype Info: Using default protrusion set `alltext'.
Package microtype Info: Automatic font expansion enabled (level 2),
(microtype)             stretch: 20, shrink: 20, step: 1, non-selected.
Package microtype Info: Using default expansion set `alltext-nott'.
Package microtype Info: Patching command `\showhyphens'.
Package microtype Info: No adjustment of tracking.
Package microtype Info: No adjustment of interword spacing.
Package microtype Info: No adjustment of character kerning.

(C:\Users\LandryNDZESSA\AppData\Local\Programs\MiKTeX\tex/latex/microtype\mt-cm
r.cfg
File: mt-cmr.cfg 2013/05/19 v2.2 microtype config. file: Computer Modern Roman 
(RS)
)
*geometry* driver: auto-detecting
*geometry* detected driver: pdftex
*geometry* verbose mode - [ preamble ] result:
* driver: pdftex
* paper: a4paper
* layout: <same size as paper>
* layoutoffset:(h,v)=(0.0pt,0.0pt)
* modes: 
* h-part:(L,W,R)=(85.35826pt, 441.01773pt, 71.13188pt)
* v-part:(T,H,B)=(71.13188pt, 702.78308pt, 71.13188pt)
* \paperwidth=597.50787pt
* \paperheight=845.04684pt
* \textwidth=441.01773pt
* \textheight=702.78308pt
* \oddsidemargin=13.08827pt
* \evensidemargin=13.08827pt
* \topmargin=-54.1381pt
* \headheight=28.0pt
* \headsep=25.0pt
* \topskip=12.0pt
* \footskip=30.0pt
* \marginparwidth=35.0pt
* \marginparsep=10.0pt
* \columnsep=10.0pt
* \skip\footins=10.8pt plus 4.0pt minus 2.0pt
* \hoffset=0.0pt
* \voffset=0.0pt
* \mag=1000
* \@twocolumnfalse
* \@twosidefalse
* \@mparswitchfalse
* \@reversemarginfalse
* (1in=72.27pt=25.4mm, 1cm=28.453pt)

\c@lstlisting=\count448
Package hyperref Info: Link coloring ON on input line 277.
(test.out) (test.out)
\@outlinefile=\write7
\openout7 = `test.out'.

*geometry* verbose mode - [ newgeometry ] result:
* driver: pdftex
* paper: a4paper
* layout: <same size as paper>
* layoutoffset:(h,v)=(0.0pt,0.0pt)
* modes: 
* h-part:(L,W,R)=(71.13188pt, 455.24411pt, 71.13188pt)
* v-part:(T,H,B)=(42.67912pt, 759.6886pt, 42.67912pt)
* \paperwidth=597.50787pt
* \paperheight=845.04684pt
* \textwidth=455.24411pt
* \textheight=759.6886pt
* \oddsidemargin=-1.1381pt
* \evensidemargin=-1.1381pt
* \topmargin=-82.59087pt
* \headheight=28.0pt
* \headsep=25.0pt
* \topskip=12.0pt
* \footskip=30.0pt
* \marginparwidth=35.0pt
* \marginparsep=10.0pt
* \columnsep=10.0pt
* \skip\footins=10.8pt plus 4.0pt minus 2.0pt
* \hoffset=0.0pt
* \voffset=0.0pt
* \mag=1000
* \@twocolumnfalse
* \@twosidefalse
* \@mparswitchfalse
* \@reversemarginfalse
* (1in=72.27pt=25.4mm, 1cm=28.453pt)


(C:\Users\LandryNDZESSA\AppData\Local\Programs\MiKTeX\tex/latex/lm\ot1lmr.fd)
(C:\Users\LandryNDZESSA\AppData\Local\Programs\MiKTeX\tex/latex/lm\omllmm.fd)
(C:\Users\LandryNDZESSA\AppData\Local\Programs\MiKTeX\tex/latex/lm\omslmsy.fd)
(C:\Users\LandryNDZESSA\AppData\Local\Programs\MiKTeX\tex/latex/lm\omxlmex.fd)
(C:\Users\LandryNDZESSA\AppData\Local\Programs\MiKTeX\tex/latex/amsfonts\umsa.f
d)
(C:\Users\LandryNDZESSA\AppData\Local\Programs\MiKTeX\tex/latex/microtype\mt-ms
a.cfg)
(C:\Users\LandryNDZESSA\AppData\Local\Programs\MiKTeX\tex/latex/amsfonts\umsb.f
d)
(C:\Users\LandryNDZESSA\AppData\Local\Programs\MiKTeX\tex/latex/microtype\mt-ms
b.cfg)
Overfull \vbox (111.58148pt too high) detected at line 319
 []


Overfull \vbox (35.14299pt too high) detected at line 319
 []


Overfull \vbox (111.58148pt too high) detected at line 319
 []


Overfull \vbox (111.58148pt too high) detected at line 319
 []


Overfull \vbox (35.14299pt too high) detected at line 319
 []


Overfull \vbox (111.58148pt too high) detected at line 319
 []


Overfull \vbox (111.58148pt too high) detected at line 319
 []

File: LogoUMA.png Graphic file (type png)
<use LogoUMA.png>
Package pdftex.def Info: LogoUMA.png  used on input line 319.
(pdftex.def)             Requested size: 48.91344pt x 71.13188pt.

Overfull \vbox (35.14299pt too high) detected at line 319
 []


Overfull \vbox (111.58148pt too high) detected at line 319
 []


Overfull \vbox (27.8222pt too high) detected at line 347
 []


Overfull \vbox (32.96887pt too high) detected at line 347
 []


Overfull \vbox (27.8222pt too high) detected at line 347
 []


Overfull \vbox (27.8222pt too high) detected at line 347
 []


Overfull \vbox (32.96887pt too high) detected at line 347
 []


Overfull \vbox (27.8222pt too high) detected at line 347
 []

File: LogoENSPM.jpeg Graphic file (type jpg)
<use LogoENSPM.jpeg>
Package pdftex.def Info: LogoENSPM.jpeg  used on input line 347.
(pdftex.def)             Requested size: 51.2068pt x 51.21504pt.

Overfull \vbox (27.8222pt too high) detected at line 347
 []


Overfull \vbox (32.96887pt too high) detected at line 347
 []

File: minepat.png Graphic file (type png)
<use minepat.png>
Package pdftex.def Info: minepat.png  used on input line 347.
(pdftex.def)             Requested size: 47.05602pt x 51.21504pt.

Overfull \vbox (27.8222pt too high) detected at line 347
 []

[1

\openout4 = `test.ist'.


{C:/Users/LandryNDZESSA/AppData/Local/MiKTeX/fonts/map/pdftex/pdftex.map}{C:/Us
ers/LandryNDZESSA/AppData/Local/Programs/MiKTeX/fonts/enc/dvips/lm/lm-ec.enc} <
./LogoUMA.png> <./LogoENSPM.jpeg> <./minepat.png>] [1


] [2

] (test.toc [3

])
\tf@toc=\write8
\openout8 = `test.toc'.


(test.acr
Package babel Info: 'french' activates 'french' shorthands.
(babel)             Reported on input line 1.
 [4]) [5


] [6

{C:/Users/LandryNDZESSA/AppData/Local/Programs/MiKTeX/fonts/enc/dvips/lm/lm-rm.
enc}{C:/Users/LandryNDZESSA/AppData/Local/Programs/MiKTeX/fonts/enc/dvips/lm/lm
-mathit.enc}] [7

] (test.lot
LaTeX Font Info:    Trying to load font information for T1+lmtt on input line 7
.

(C:\Users\LandryNDZESSA\AppData\Local\Programs\MiKTeX\tex/latex/lm\t1lmtt.fd
File: t1lmtt.fd 2015/05/01 v1.6.1 Font defs for Latin Modern
)
Package microtype Info: Loading generic protrusion settings for font family
(microtype)             `lmtt' (encoding: T1).
(microtype)             For optimal results, create family-specific settings.
(microtype)             See the microtype manual for details.
)
\tf@lot=\write9
\openout9 = `test.lot'.


[8

] (test.lof [9

])
\tf@lof=\write10
\openout10 = `test.lof'.


pdfTeX warning (ext4): destination with the same identifier (name{page.1}) has 
been already used, duplicate ignored
<to be read again> 
                   \relax 
l.505 	\chapter
               *{Introduction Générale} [1] [2

] [3]
Chapitre 1.
LaTeX Font Info:    Trying to load font information for TS1+lmr on input line 5
30.
(C:\Users\LandryNDZESSA\AppData\Local\Programs\MiKTeX\tex/latex/lm\ts1lmr.fd
File: ts1lmr.fd 2015/05/01 v1.6.1 Font defs for Latin Modern
)

Package hyperref Warning: Token not allowed in a PDF string (Unicode):
(hyperref)                removing `\gls' on input line 540.

[4

{C:/Users/LandryNDZESSA/AppData/Local/Programs/MiKTeX/fonts/enc/dvips/lm/lm-ts1
.enc}] [5] [6] [7]

Package hyperref Warning: Token not allowed in a PDF string (Unicode):
(hyperref)                removing `\gls' on input line 691.

<Organigramme4.jpg, id=546, 369.7815pt x 298.716pt>
File: Organigramme4.jpg Graphic file (type jpg)
<use Organigramme4.jpg>
Package pdftex.def Info: Organigramme4.jpg  used on input line 717.
(pdftex.def)             Requested size: 374.86775pt x 302.84938pt.
Package microtype Info: Character `029' is missing
(microtype)             in font `T1/lmr/m/sc/12'.
(microtype)             Ignoring protrusion settings for this character.

LaTeX Font Warning: Font shape `T1/lmr/bx/sc' undefined
(Font)              using `T1/lmr/bx/n' instead on input line 718.

[8 <./Organigramme4.jpg>]
Underfull \hbox (badness 10000) in paragraph at lines 725--727

 []


Underfull \hbox (badness 10000) in paragraph at lines 728--729

 []


Underfull \hbox (badness 10000) in paragraph at lines 730--731

 []

[9]
Underfull \hbox (badness 10000) in paragraph at lines 737--738

 []


Underfull \hbox (badness 10000) in paragraph at lines 739--740

 []


Underfull \hbox (badness 10000) in paragraph at lines 741--742

 []

[10] [11] [12] [13]
<methodeAgile.jpeg, id=614, 675.52374pt x 371.3875pt>
File: methodeAgile.jpeg Graphic file (type jpg)
<use methodeAgile.jpeg>
Package pdftex.def Info: methodeAgile.jpeg  used on input line 917.
(pdftex.def)             Requested size: 352.81552pt x 193.97264pt.
 [14] [15 <./methodeAgile.jpeg>]
Chapitre 2.
[16

]
Underfull \hbox (badness 10000) in paragraph at lines 951--952

 []


Underfull \hbox (badness 10000) in paragraph at lines 953--955

 []

[17] [18] [19]
Underfull \hbox (badness 10000) in paragraph at lines 975--976

 []


Underfull \hbox (badness 10000) in paragraph at lines 978--979

 []

[20]
<enqueteGecam.png, id=670, 450.18187pt x 403.5075pt>
File: enqueteGecam.png Graphic file (type png)
<use enqueteGecam.png>
Package pdftex.def Info: enqueteGecam.png  used on input line 982.
(pdftex.def)             Requested size: 352.81552pt x 316.2492pt.

Underfull \hbox (badness 10000) in paragraph at lines 988--989

 []

[21 <./enqueteGecam.png>]
Underfull \hbox (badness 10000) in paragraph at lines 991--992

 []


Underfull \hbox (badness 10000) in paragraph at lines 994--995

 []

[22]
<zoneRecensement.png, id=686, 400.49625pt x 551.05875pt>
File: zoneRecensement.png Graphic file (type png)
<use zoneRecensement.png>
Package pdftex.def Info: zoneRecensement.png  used on input line 998.
(pdftex.def)             Requested size: 352.81552pt x 485.47974pt.
 [23 <./zoneRecensement.png>] [24] [25] [26]
Chapitre 3.
[27

] [28] [29] [30] [31]
<UseCase1.png, id=742, 435.12563pt x 398.99063pt>
File: UseCase1.png Graphic file (type png)
<use UseCase1.png>
Package pdftex.def Info: UseCase1.png  used on input line 1456.
(pdftex.def)             Requested size: 374.86775pt x 343.7584pt.
<UseCase2.png, id=743, 429.10312pt x 330.23375pt>
File: UseCase2.png Graphic file (type png)
<use UseCase2.png>
Package pdftex.def Info: UseCase2.png  used on input line 1463.
(pdftex.def)             Requested size: 374.86775pt x 288.49525pt.
 [32 <./UseCase1.png>] [33 <./UseCase2.png>]
Chapitre 4.
[34

]
Overfull \hbox (27.72952pt too wide) in paragraph at lines 1598--1598
[]|\T1/lmtt/m/n/12 autre_statut_juridique|  
 []


Overfull \hbox (9.20451pt too wide) in paragraph at lines 1598--1598
[]|\T1/lmtt/m/n/12 date_debut_activite|  
 []

[35]
Overfull \vbox (117.1305pt too high) has occurred while \output is active []


[36]
Overfull \hbox (15.37952pt too wide) in paragraph at lines 1649--1649
[]|\T1/lmtt/m/n/12 plateforme_existante|  
 []


Underfull \hbox (badness 10000) in paragraph at lines 1659--1660

 []

[37]
Underfull \hbox (badness 10000) in paragraph at lines 1663--1664

 []


Underfull \hbox (badness 10000) in paragraph at lines 1665--1667

 []


Underfull \hbox (badness 10000) in paragraph at lines 1671--1672

 []

[38]
Underfull \hbox (badness 10000) in paragraph at lines 1683--1684

 []


Underfull \hbox (badness 10000) in paragraph at lines 1685--1686

 []

[39]
Underfull \hbox (badness 10000) in paragraph at lines 1690--1691

 []


Underfull \hbox (badness 10000) in paragraph at lines 1692--1693

 []


Underfull \hbox (badness 10000) in paragraph at lines 1694--1695

 []

[40]
Underfull \hbox (badness 10000) in paragraph at lines 1705--1706

 []


Underfull \hbox (badness 10000) in paragraph at lines 1707--1708

 []


Underfull \hbox (badness 10000) in paragraph at lines 1709--1710

 []

[41] [42{C:/Users/LandryNDZESSA/AppData/Local/Programs/MiKTeX/fonts/enc/dvips/l
m/lm-mathex.enc}{C:/Users/LandryNDZESSA/AppData/Local/Programs/MiKTeX/fonts/enc
/dvips/lm/lm-mathsy.enc}] [43]
Underfull \hbox (badness 10000) in paragraph at lines 1787--1788

 []


Underfull \hbox (badness 10000) in paragraph at lines 1789--1790

 []


Underfull \hbox (badness 10000) in paragraph at lines 1791--1792

 []

[44] [45] [46] [47]
<schema_base_dimensionnelle.png, id=867, 2730.2pt x 2248.4pt>
File: schema_base_dimensionnelle.png Graphic file (type png)
<use schema_base_dimensionnelle.png>
Package pdftex.def Info: schema_base_dimensionnelle.png  used on input line 194
9.
(pdftex.def)             Requested size: 352.81552pt x 290.55257pt.
 [48] [49 <./schema_base_dimensionnelle.png>] [50]
Chapitre 5.
[51

]
<statut.jpeg, id=892, 655.44875pt x 614.295pt>
File: statut.jpeg Graphic file (type jpg)
<use statut.jpeg>
Package pdftex.def Info: statut.jpeg  used on input line 2028.
(pdftex.def)             Requested size: 330.76329pt x 309.99625pt.
 [52 <./statut.jpeg>]
<repartition_region.jpeg, id=897, 614.295pt x 614.295pt>
File: repartition_region.jpeg Graphic file (type jpg)
<use repartition_region.jpeg>
Package pdftex.def Info: repartition_region.jpeg  used on input line 2039.
(pdftex.def)             Requested size: 330.76329pt x 330.76764pt.
<repartition_taille.jpeg, id=898, 655.44875pt x 614.295pt>
File: repartition_taille.jpeg Graphic file (type jpg)
<use repartition_taille.jpeg>
Package pdftex.def Info: repartition_taille.jpeg  used on input line 2052.
(pdftex.def)             Requested size: 330.76329pt x 309.99625pt.
 [53 <./repartition_region.jpeg>]
<anciennete.jpeg, id=903, 614.295pt x 614.295pt>
File: anciennete.jpeg Graphic file (type jpg)
<use anciennete.jpeg>
Package pdftex.def Info: anciennete.jpeg  used on input line 2063.
(pdftex.def)             Requested size: 330.76329pt x 330.76764pt.
 [54 <./repartition_taille.jpeg>]
<repartition_activite.jpeg, id=908, 946.53625pt x 614.295pt>
File: repartition_activite.jpeg Graphic file (type jpg)
<use repartition_activite.jpeg>
Package pdftex.def Info: repartition_activite.jpeg  used on input line 2076.
(pdftex.def)             Requested size: 330.76329pt x 214.65965pt.
 [55 <./anciennete.jpeg>]
<repartition_besoins.jpeg, id=913, 1284.8pt x 631.35875pt>
File: repartition_besoins.jpeg Graphic file (type jpg)
<use repartition_besoins.jpeg>
Package pdftex.def Info: repartition_besoins.jpeg  used on input line 2086.
(pdftex.def)             Requested size: 330.76329pt x 162.54056pt.
 [56 <./repartition_activite.jpeg> <./repartition_besoins.jpeg>]
<carte_chaleur_besoins_statut_juridique.jpeg, id=919, 1284.8pt x 631.35875pt>
File: carte_chaleur_besoins_statut_juridique.jpeg Graphic file (type jpg)
<use carte_chaleur_besoins_statut_juridique.jpeg>
Package pdftex.def Info: carte_chaleur_besoins_statut_juridique.jpeg  used on i
nput line 2115.
(pdftex.def)             Requested size: 441.01773pt x 216.72075pt.
LaTeX Font Info:    External font `lmex10' loaded for size
(Font)              <10.95> on input line 2124.
 [57 <./carte_chaleur_besoins_statut_juridique.jpeg>]
<carte_chaleur_besoins_region.jpeg, id=926, 1284.8pt x 631.35875pt>
File: carte_chaleur_besoins_region.jpeg Graphic file (type jpg)
<use carte_chaleur_besoins_region.jpeg>
Package pdftex.def Info: carte_chaleur_besoins_region.jpeg  used on input line 
2171.
(pdftex.def)             Requested size: 441.01773pt x 216.72075pt.

[58 <./carte_chaleur_besoins_region.jpeg>]
<carte_chaleur_besoins_anciennete.jpeg, id=931, 1284.8pt x 631.35875pt>
File: carte_chaleur_besoins_anciennete.jpeg Graphic file (type jpg)
<use carte_chaleur_besoins_anciennete.jpeg>
Package pdftex.def Info: carte_chaleur_besoins_anciennete.jpeg  used on input l
ine 2224.
(pdftex.def)             Requested size: 441.01773pt x 216.72075pt.
 [59 <./carte_chaleur_besoins_anciennete.jpeg>]
<carte_chaleur_besoins_secteurs_activite.jpeg, id=936, 1284.8pt x 631.35875pt>
File: carte_chaleur_besoins_secteurs_activite.jpeg Graphic file (type jpg)
<use carte_chaleur_besoins_secteurs_activite.jpeg>
Package pdftex.def Info: carte_chaleur_besoins_secteurs_activite.jpeg  used on 
input line 2276.
(pdftex.def)             Requested size: 441.01773pt x 216.72075pt.
 [60 <./carte_chaleur_besoins_secteurs_activite.jpeg>]
<carte_chaleur_besoins_taille_entreprise.jpeg, id=941, 1284.8pt x 631.35875pt>
File: carte_chaleur_besoins_taille_entreprise.jpeg Graphic file (type jpg)
<use carte_chaleur_besoins_taille_entreprise.jpeg>
Package pdftex.def Info: carte_chaleur_besoins_taille_entreprise.jpeg  used on 
input line 2331.
(pdftex.def)             Requested size: 441.01773pt x 216.72075pt.
 [61 <./carte_chaleur_besoins_taille_entreprise.jpeg>]
<contributionValeursPropres.jpeg, id=946, 1284.8pt x 631.35875pt>
File: contributionValeursPropres.jpeg Graphic file (type jpg)
<use contributionValeursPropres.jpeg>
Package pdftex.def Info: contributionValeursPropres.jpeg  used on input line 24
44.
(pdftex.def)             Requested size: 330.76329pt x 162.54056pt.
 [62]
<projectionDesCategories.jpeg, id=951, 1284.8pt x 631.35875pt>
File: projectionDesCategories.jpeg Graphic file (type jpg)
<use projectionDesCategories.jpeg>
Package pdftex.def Info: projectionDesCategories.jpeg  used on input line 2463.

(pdftex.def)             Requested size: 441.01773pt x 216.72075pt.
 [63 <./contributionValeursPropres.jpeg> <./projectionDesCategories.jpeg>]
<contributionCategoriesAlAxe1.jpeg, id=958, 1284.8pt x 631.35875pt>
File: contributionCategoriesAlAxe1.jpeg Graphic file (type jpg)
<use contributionCategoriesAlAxe1.jpeg>
Package pdftex.def Info: contributionCategoriesAlAxe1.jpeg  used on input line 
2481.
(pdftex.def)             Requested size: 211.68661pt x 104.01555pt.
<contributionCategorieALAxe2.jpeg, id=959, 1284.8pt x 631.35875pt>
File: contributionCategorieALAxe2.jpeg Graphic file (type jpg)
<use contributionCategorieALAxe2.jpeg>
Package pdftex.def Info: contributionCategorieALAxe2.jpeg  used on input line 2
488.
(pdftex.def)             Requested size: 211.68661pt x 104.01555pt.

Overfull \hbox (0.608pt too wide) in paragraph at lines 2494--2513
\T1/lmr/m/n/12 (-20) les ex-pres-sions contras-t�es des be-soins lo-gis-tiques 
et tech-niques (\T1/lmtt/m/n/12 besoin_transport_Oui\T1/lmr/m/n/12 (-20) ,
 []


Overfull \hbox (20.60188pt too wide) in paragraph at lines 2494--2513
\T1/lmtt/m/n/12 besoin_transport_Non\T1/lmr/m/n/12 (-20) , \T1/lmtt/m/n/12 beso
in_innovation_recherche_Oui\T1/lmr/m/n/12 (-20) , \T1/lmtt/m/n/12 besoin_emball
ages_Oui\T1/lmr/m/n/12 (-20) ).
 []

[64 <./contributionCategoriesAlAxe1.jpeg> <./contributionCategorieALAxe2.jpeg>]
<dendrogramme.jpeg, id=965, 1284.8pt x 631.35875pt>
File: dendrogramme.jpeg Graphic file (type jpg)
<use dendrogramme.jpeg>
Package pdftex.def Info: dendrogramme.jpeg  used on input line 2531.
(pdftex.def)             Requested size: 374.86775pt x 184.20686pt.
<CAH.jpeg, id=966, 1284.8pt x 631.35875pt>
File: CAH.jpeg Graphic file (type jpg)
<use CAH.jpeg>
Package pdftex.def Info: CAH.jpeg  used on input line 2543.
(pdftex.def)             Requested size: 441.01773pt x 216.72075pt.
[65 <./dendrogramme.jpeg>]
<classe_et_anciennete.jpeg, id=972, 1284.8pt x 631.35875pt>
File: classe_et_anciennete.jpeg Graphic file (type jpg)
<use classe_et_anciennete.jpeg>
Package pdftex.def Info: classe_et_anciennete.jpeg  used on input line 2569.
(pdftex.def)             Requested size: 211.68661pt x 104.01555pt.
<classes_et_secteurs_activites.jpeg, id=973, 1284.8pt x 631.35875pt>
File: classes_et_secteurs_activites.jpeg Graphic file (type jpg)
<use classes_et_secteurs_activites.jpeg>
Package pdftex.def Info: classes_et_secteurs_activites.jpeg  used on input line
 2576.
(pdftex.def)             Requested size: 211.68661pt x 104.01555pt.
<classes_et_tailles.jpeg, id=974, 1284.8pt x 631.35875pt>
File: classes_et_tailles.jpeg Graphic file (type jpg)
<use classes_et_tailles.jpeg>
Package pdftex.def Info: classes_et_tailles.jpeg  used on input line 2585.
(pdftex.def)             Requested size: 211.68661pt x 104.01555pt.
<classes_et_regions.jpeg, id=975, 1284.8pt x 631.35875pt>
File: classes_et_regions.jpeg Graphic file (type jpg)
<use classes_et_regions.jpeg>
Package pdftex.def Info: classes_et_regions.jpeg  used on input line 2592.
(pdftex.def)             Requested size: 211.68661pt x 104.01555pt.
 [66 <./CAH.jpeg>]
<AFDProjectionDesObservations.jpeg, id=981, 1284.8pt x 631.35875pt>
File: AFDProjectionDesObservations.jpeg Graphic file (type jpg)
<use AFDProjectionDesObservations.jpeg>
Package pdftex.def Info: AFDProjectionDesObservations.jpeg  used on input line 
2613.
(pdftex.def)             Requested size: 374.86775pt x 184.20686pt.
 [67 <./classe_et_anciennete.jpeg> <./classes_et_secteurs_activites.jpeg> <./cl
asses_et_tailles.jpeg> <./classes_et_regions.jpeg> <./AFDProjectionDesObservati
ons.jpeg>]
Underfull \hbox (badness 10000) in paragraph at lines 2685--2689

 []

[68] [69] [70]
<login.png, id=1003, 933.4875pt x 422.07687pt>
File: login.png Graphic file (type png)
<use login.png>
Package pdftex.def Info: login.png  used on input line 2824.
(pdftex.def)             Requested size: 441.01773pt x 199.40662pt.
<creationDeCompte.png, id=1004, 897.85437pt x 431.11063pt>
File: creationDeCompte.png Graphic file (type png)
<use creationDeCompte.png>
Package pdftex.def Info: creationDeCompte.png  used on input line 2836.
(pdftex.def)             Requested size: 441.01773pt x 211.75914pt.
<demande.png, id=1005, 918.93312pt x 373.89688pt>
File: demande.png Graphic file (type png)
<use demande.png>
Package pdftex.def Info: demande.png  used on input line 2844.
(pdftex.def)             Requested size: 441.01773pt x 179.44563pt.
 [71 <./login.png> <./creationDeCompte.png>]
<validation.png, id=1012, 804.00375pt x 396.48125pt>
File: validation.png Graphic file (type png)
<use validation.png>
Package pdftex.def Info: validation.png  used on input line 2850.
(pdftex.def)             Requested size: 441.01773pt x 217.47852pt.
<tableauDeBordEntreprise.png, id=1013, 928.97063pt x 434.12187pt>
File: tableauDeBordEntreprise.png Graphic file (type png)
<use tableauDeBordEntreprise.png>
Package pdftex.def Info: tableauDeBordEntreprise.png  used on input line 2859.
(pdftex.def)             Requested size: 441.01773pt x 206.09741pt.
 [72 <./demande.png> <./validation.png>]
<tableauDeBordAdmin.png, id=1021, 934.99312pt x 439.6425pt>
File: tableauDeBordAdmin.png Graphic file (type png)
<use tableauDeBordAdmin.png>
Package pdftex.def Info: tableauDeBordAdmin.png  used on input line 2875.
(pdftex.def)             Requested size: 441.01773pt x 207.36992pt.
<requeteSQL.png, id=1022, 400.99812pt x 170.13562pt>
File: requeteSQL.png Graphic file (type png)
<use requeteSQL.png>
Package pdftex.def Info: requeteSQL.png  used on input line 2887.
(pdftex.def)             Requested size: 441.01773pt x 187.12637pt.
 [73 <./tableauDeBordEntreprise.png> <./tableauDeBordAdmin.png>] [74 <./requete
SQL.png>] [75

] (test.bbl [76

]
Underfull \hbox (badness 2753) in paragraph at lines 83--87
[]\T1/lmr/m/n/12 (+20) Larousse.  Dic-tion-naire la-rousse en ligne.  [][]$\T1/
lmtt/m/n/12 https : / / www . larousse . fr /
 []

[77]) [78]
Chapitre 6.
<annexe1.png, id=1068, 430.60875pt x 423.5825pt>
File: annexe1.png Graphic file (type png)
<use annexe1.png>
Package pdftex.def Info: annexe1.png  used on input line 2934.
(pdftex.def)             Requested size: 441.01773pt x 433.83232pt.
<annexe2.png, id=1069, 435.12563pt x 422.07687pt>
File: annexe2.png Graphic file (type png)
<use annexe2.png>
Package pdftex.def Info: annexe2.png  used on input line 2940.
(pdftex.def)             Requested size: 441.01773pt x 427.82063pt.
[79

]
<annexe3.png, id=1074, 426.59375pt x 416.05438pt>
File: annexe3.png Graphic file (type png)
<use annexe3.png>
Package pdftex.def Info: annexe3.png  used on input line 2946.
(pdftex.def)             Requested size: 441.01773pt x 430.14696pt.
 [80 <./annexe1.png>] [81 <./annexe2.png>] [82 <./annexe3.png>]
Chapitre 7.
<annexe5.jpg, id=1091, 455.45157pt x 681.29532pt>
File: annexe5.jpg Graphic file (type jpg)
<use annexe5.jpg>
Package pdftex.def Info: annexe5.jpg  used on input line 2955.
(pdftex.def)             Requested size: 441.01773pt x 659.72253pt.
<annexe6.jpg, id=1092, 455.45157pt x 654.19406pt>
File: annexe6.jpg Graphic file (type jpg)
<use annexe6.jpg>
Package pdftex.def Info: annexe6.jpg  used on input line 2961.
(pdftex.def)             Requested size: 441.01773pt x 633.47942pt.
[83

] [84 <./annexe5.jpg>] [85 <./annexe6.jpg>] (test.aux)
 ***********
LaTeX2e <2025-11-01>
L3 programming layer <2025-12-24>
 ***********


LaTeX Font Warning: Some font shapes were not available, defaults substituted.


LaTeX Warning: There were multiply-defined labels.


Package rerunfilecheck Warning: File `test.out' has changed.
(rerunfilecheck)                Rerun to get outlines right
(rerunfilecheck)                or use package `bookmark'.

Package rerunfilecheck Info: Checksums for `test.out':
(rerunfilecheck)             Before: 634D5EDA209F5297BBD8F620058F0EC5;11496
(rerunfilecheck)             After:  B9D1CADEA1DB16C70DF1A1CB3A048F79;11666.
 ) 
Here is how much of TeX's memory you used:
 51699 strings out of 467871
 1123165 string characters out of 5414504
 1612894 words of memory out of 5000000
 79203 multiletter control sequences out of 15000+600000
 737059 words of font info for 254 fonts, out of 8000000 for 9000
 1141 hyphenation exceptions out of 8191
 84i,16n,96p,2474b,1378s stack positions out of 10000i,1000n,20000p,200000b,200000s

pdfTeX warning (dest): name{glo:orm} has been referenced but does not exist, re
placed by a fixed one

<C:/Users/LandryNDZESSA/AppData/Local/Programs/MiKTeX/fonts/type1/public/lm/lmb
x10.pfb><C:/Users/LandryNDZESSA/AppData/Local/Programs/MiKTeX/fonts/type1/publi
c/lm/lmbx12.pfb><C:/Users/LandryNDZESSA/AppData/Local/Programs/MiKTeX/fonts/typ
e1/public/lm/lmbx8.pfb><C:/Users/LandryNDZESSA/AppData/Local/Programs/MiKTeX/fo
nts/type1/public/lm/lmbxi10.pfb><C:/Users/LandryNDZESSA/AppData/Local/Programs/
MiKTeX/fonts/type1/public/lm/lmex10.pfb><C:/Users/LandryNDZESSA/AppData/Local/P
rograms/MiKTeX/fonts/type1/public/lm/lmmi10.pfb><C:/Users/LandryNDZESSA/AppData
/Local/Programs/MiKTeX/fonts/type1/public/lm/lmmi12.pfb><C:/Users/LandryNDZESSA
/AppData/Local/Programs/MiKTeX/fonts/type1/public/lm/lmmi6.pfb><C:/Users/Landry
NDZESSA/AppData/Local/Programs/MiKTeX/fonts/type1/public/lm/lmmi8.pfb><C:/Users
/LandryNDZESSA/AppData/Local/Programs/MiKTeX/fonts/type1/public/lm/lmmib10.pfb>
<C:/Users/LandryNDZESSA/AppData/Local/Programs/MiKTeX/fonts/type1/public/lm/lmr
10.pfb><C:/Users/LandryNDZESSA/AppData/Local/Programs/MiKTeX/fonts/type1/public
/lm/lmr12.pfb><C:/Users/LandryNDZESSA/AppData/Local/Programs/MiKTeX/fonts/type1
/public/lm/lmr6.pfb><C:/Users/LandryNDZESSA/AppData/Local/Programs/MiKTeX/fonts
/type1/public/lm/lmr8.pfb><C:/Users/LandryNDZESSA/AppData/Local/Programs/MiKTeX
/fonts/type1/public/lm/lmri10.pfb><C:/Users/LandryNDZESSA/AppData/Local/Program
s/MiKTeX/fonts/type1/public/lm/lmri12.pfb><C:/Users/LandryNDZESSA/AppData/Local
/Programs/MiKTeX/fonts/type1/public/lm/lmsy10.pfb><C:/Users/LandryNDZESSA/AppDa
ta/Local/Programs/MiKTeX/fonts/type1/public/lm/lmsy6.pfb><C:/Users/LandryNDZESS
A/AppData/Local/Programs/MiKTeX/fonts/type1/public/lm/lmsy8.pfb><C:/Users/Landr
yNDZESSA/AppData/Local/Programs/MiKTeX/fonts/type1/public/lm/lmtk10.pfb><C:/Use
rs/LandryNDZESSA/AppData/Local/Programs/MiKTeX/fonts/type1/public/lm/lmtt10.pfb
><C:/Users/LandryNDZESSA/AppData/Local/Programs/MiKTeX/fonts/type1/public/lm/lm
tt12.pfb><C:/Users/LandryNDZESSA/AppData/Local/Programs/MiKTeX/fonts/type1/publ
ic/amsfonts/symbols/msam10.pfb><C:/Users/LandryNDZESSA/AppData/Local/Programs/M
iKTeX/fonts/type1/public/amsfonts/symbols/msbm10.pfb>
Output written on test.pdf (95 pages, 7053439 bytes).
PDF statistics:
 1286 PDF objects out of 1440 (max. 8388607)
 293 named destinations out of 1000 (max. 500000)
 57617 words of extra memory for PDF output out of 61914 (max. 10000000)

